ARM Linker, 4.1 [Build 644] [Standard]

==============================================================================

Section Cross References

    main.o(.text) refers to _printf_percent.o(.ARM.Collect$$_printf_percent$$00000000) for _printf_percent
    main.o(.text) refers to _printf_f.o(.ARM.Collect$$_printf_percent$$00000003) for _printf_f
    main.o(.text) refers to printf1.o(x$fpl$printf1) for _printf_fp_dec
    main.o(.text) refers to system_stm32f10x.o(.text) for SystemInit
    main.o(.text) refers to delay.o(.text) for delay_init
    main.o(.text) refers to sys.o(.text) for NVIC_Configuration
    main.o(.text) refers to usart.o(.text) for uart_init
    main.o(.text) refers to led.o(.text) for LED_Init
    main.o(.text) refers to key.o(.text) for KEY_Init
    main.o(.text) refers to adc.o(.text) for Adc_Init
    main.o(.text) refers to myiic.o(.text) for IIC_Init
    main.o(.text) refers to lmp91200.o(.text) for LMP91200_Init
    main.o(.text) refers to noretval__2printf.o(.text) for __2printf
    main.o(.text) refers to lmp91000.o(.text) for LMP91000_ENABLE
    main.o(.text) refers to fflt_clz.o(x$fpl$ffltu) for __aeabi_ui2f
    main.o(.text) refers to f2d.o(x$fpl$f2d) for __aeabi_f2d
    main.o(.text) refers to dmul.o(x$fpl$dmul) for __aeabi_dmul
    main.o(.text) refers to d2f.o(x$fpl$d2f) for __aeabi_d2f
    main.o(.text) refers to ds18b20.o(.text) for DS18B20_Get_Temp
    main.o(.text) refers to fflt_clz.o(x$fpl$fflt) for __aeabi_i2f
    main.o(.text) refers to stm32f10x_gpio.o(.text) for GPIO_ResetBits
    main.o(.text) refers to spi.o(.text) for SPIx_ReadWriteByte
    main.o(.text) refers to main.o(.constdata) for .constdata
    system_stm32f10x.o(.text) refers to system_stm32f10x.o(.data) for SystemCoreClock
    led.o(.text) refers to stm32f10x_rcc.o(.text) for RCC_APB2PeriphClockCmd
    led.o(.text) refers to stm32f10x_gpio.o(.text) for GPIO_Init
    key.o(.text) refers to stm32f10x_rcc.o(.text) for RCC_APB2PeriphClockCmd
    key.o(.text) refers to stm32f10x_gpio.o(.text) for GPIO_Init
    key.o(.text) refers to delay.o(.text) for delay_ms
    key.o(.text) refers to key.o(.data) for key_up
    wdg.o(.text) refers to stm32f10x_iwdg.o(.text) for IWDG_WriteAccessCmd
    wdg.o(.text) refers to misc.o(.text) for NVIC_Init
    wdg.o(.text) refers to stm32f10x_rcc.o(.text) for RCC_APB1PeriphClockCmd
    wdg.o(.text) refers to stm32f10x_wwdg.o(.text) for WWDG_SetPrescaler
    timer.o(.text) refers to stm32f10x_rcc.o(.text) for RCC_APB1PeriphClockCmd
    timer.o(.text) refers to stm32f10x_tim.o(.text) for TIM_TimeBaseInit
    timer.o(.text) refers to misc.o(.text) for NVIC_Init
    pwm.o(.text) refers to stm32f10x_rcc.o(.text) for RCC_APB1PeriphClockCmd
    pwm.o(.text) refers to stm32f10x_gpio.o(.text) for GPIO_Init
    pwm.o(.text) refers to stm32f10x_tim.o(.text) for TIM_TimeBaseInit
    lcd.o(.text) refers to _printf_percent.o(.ARM.Collect$$_printf_percent$$00000000) for _printf_percent
    lcd.o(.text) refers to _printf_x.o(.ARM.Collect$$_printf_percent$$0000000C) for _printf_x
    lcd.o(.text) refers to _printf_hex_int.o(.text) for _printf_longlong_hex
    lcd.o(.text) refers to delay.o(.text) for delay_us
    lcd.o(.text) refers to lcd.o(i.LCD_SetCursor) for LCD_SetCursor
    lcd.o(.text) refers to lcd.o(.data) for DeviceCode
    lcd.o(.text) refers to stm32f10x_rcc.o(.text) for RCC_APB2PeriphClockCmd
    lcd.o(.text) refers to stm32f10x_gpio.o(.text) for GPIO_PinRemapConfig
    lcd.o(.text) refers to noretval__2printf.o(.text) for __2printf
    lcd.o(.text) refers to lcd.o(.constdata) for asc2_1206
    wkup.o(.text) refers to misc.o(.text) for NVIC_SystemLPConfig
    wkup.o(.text) refers to stm32f10x_rcc.o(.text) for RCC_APB1PeriphClockCmd
    wkup.o(.text) refers to stm32f10x_pwr.o(.text) for PWR_WakeUpPinCmd
    wkup.o(.text) refers to delay.o(.text) for delay_ms
    wkup.o(.text) refers to stm32f10x_gpio.o(.text) for GPIO_Init
    wkup.o(.text) refers to stm32f10x_exti.o(.text) for EXTI_Init
    adc.o(.text) refers to stm32f10x_rcc.o(.text) for RCC_APB2PeriphClockCmd
    adc.o(.text) refers to stm32f10x_gpio.o(.text) for GPIO_Init
    adc.o(.text) refers to stm32f10x_adc.o(.text) for ADC_DeInit
    tsensor.o(.text) refers to stm32f10x_rcc.o(.text) for RCC_APB2PeriphClockCmd
    tsensor.o(.text) refers to stm32f10x_gpio.o(.text) for GPIO_Init
    tsensor.o(.text) refers to stm32f10x_adc.o(.text) for ADC_DeInit
    tsensor.o(.text) refers to delay.o(.text) for delay_ms
    myiic.o(.text) refers to stm32f10x_rcc.o(.text) for RCC_APB2PeriphClockCmd
    myiic.o(.text) refers to stm32f10x_gpio.o(.text) for GPIO_Init
    myiic.o(.text) refers to delay.o(.text) for delay_us
    ds18b20.o(.text) refers to delay.o(.text) for delay_us
    ds18b20.o(.text) refers to stm32f10x_rcc.o(.text) for RCC_APB2PeriphClockCmd
    ds18b20.o(.text) refers to stm32f10x_gpio.o(.text) for GPIO_Init
    ds18b20.o(.text) refers to fflt_clz.o(x$fpl$fflt) for __aeabi_i2f
[...]
    ..\CORE\core_cm3.c                       0x00000000   Number         0  core_cm3.o ABSOLUTE
    ..\CORE\startup_stm32f10x_md.s           0x00000000   Number         0  startup_stm32f10x_md.o ABSOLUTE
    ..\HARDWARE\ADC\adc.c                    0x00000000   Number         0  adc.o ABSOLUTE
    ..\HARDWARE\DS18B20\ds18B20.c            0x00000000   Number         0  ds18b20.o ABSOLUTE
    ..\HARDWARE\IIC\myiic.c                  0x00000000   Number         0  myiic.o ABSOLUTE
    ..\HARDWARE\KEY\key.c                    0x00000000   Number         0  key.o ABSOLUTE
    ..\HARDWARE\LCD\lcd.c                    0x00000000   Number         0  lcd.o ABSOLUTE
    ..\HARDWARE\LED\led.c                    0x00000000   Number         0  led.o ABSOLUTE
    ..\HARDWARE\LMP91000\LMP91000.c          0x00000000   Number         0  lmp91000.o ABSOLUTE
    ..\HARDWARE\LMP91200\LMP91200.c          0x00000000   Number         0  lmp91200.o ABSOLUTE
    ..\HARDWARE\PWM\pwm.c                    0x00000000   Number         0  pwm.o ABSOLUTE
    ..\HARDWARE\SPI\spi.c                    0x00000000   Number         0  spi.o ABSOLUTE
    ..\HARDWARE\TIMER\timer.c                0x00000000   Number         0  timer.o ABSOLUTE
    ..\HARDWARE\TSensor\tsensor.c            0x00000000   Number         0  tsensor.o ABSOLUTE
    ..\HARDWARE\WDG\wdg.c                    0x00000000   Number         0  wdg.o ABSOLUTE
    ..\HARDWARE\WKUP\wkup.c                  0x00000000   Number         0  wkup.o ABSOLUTE
    ..\STM32F10x_FWLib\src\misc.c            0x00000000   Number         0  misc.o ABSOLUTE
    ..\STM32F10x_FWLib\src\stm32f10x_adc.c   0x00000000   Number         0  stm32f10x_adc.o ABSOLUTE
    ..\STM32F10x_FWLib\src\stm32f10x_bkp.c   0x00000000   Number         0  stm32f10x_bkp.o ABSOLUTE
    ..\STM32F10x_FWLib\src\stm32f10x_can.c   0x00000000   Number         0  stm32f10x_can.o ABSOLUTE
    ..\STM32F10x_FWLib\src\stm32f10x_cec.c   0x00000000   Number         0  stm32f10x_cec.o ABSOLUTE
    ..\STM32F10x_FWLib\src\stm32f10x_crc.c   0x00000000   Number         0  stm32f10x_crc.o ABSOLUTE
    ..\STM32F10x_FWLib\src\stm32f10x_dac.c   0x00000000   Number         0  stm32f10x_dac.o ABSOLUTE
    ..\STM32F10x_FWLib\src\stm32f10x_dbgmcu.c 0x00000000   Number         0  stm32f10x_dbgmcu.o ABSOLUTE
    ..\STM32F10x_FWLib\src\stm32f10x_dma.c   0x00000000   Number         0  stm32f10x_dma.o ABSOLUTE
    ..\STM32F10x_FWLib\src\stm32f10x_exti.c  0x00000000   Number         0  stm32f10x_exti.o ABSOLUTE
    ..\STM32F10x_FWLib\src\stm32f10x_flash.c 0x00000000   Number         0  stm32f10x_flash.o ABSOLUTE
    ..\STM32F10x_FWLib\src\stm32f10x_fsmc.c  0x00000000   Number         0  stm32f10x_fsmc.o ABSOLUTE
    ..\STM32F10x_FWLib\src\stm32f10x_gpio.c  0x00000000   Number         0  stm32f10x_gpio.o ABSOLUTE
    ..\STM32F10x_FWLib\src\stm32f10x_i2c.c   0x00000000   Number         0  stm32f10x_i2c.o ABSOLUTE
    ..\STM32F10x_FWLib\src\stm32f10x_iwdg.c  0x00000000   Number         0  stm32f10x_iwdg.o ABSOLUTE
    ..\STM32F10x_FWLib\src\stm32f10x_pwr.c   0x00000000   Number         0  stm32f10x_pwr.o ABSOLUTE
    ..\STM32F10x_FWLib\src\stm32f10x_rcc.c   0x00000000   Number         0  stm32f10x_rcc.o ABSOLUTE
    ..\STM32F10x_FWLib\src\stm32f10x_rtc.c   0x00000000   Number         0  stm32f10x_rtc.o ABSOLUTE
    ..\STM32F10x_FWLib\src\stm32f10x_sdio.c  0x00000000   Number         0  stm32f10x_sdio.o ABSOLUTE
    ..\STM32F10x_FWLib\src\stm32f10x_spi.c   0x00000000   Number         0  stm32f10x_spi.o ABSOLUTE
    ..\STM32F10x_FWLib\src\stm32f10x_tim.c   0x00000000   Number         0  stm32f10x_tim.o ABSOLUTE
    ..\STM32F10x_FWLib\src\stm32f10x_usart.c 0x00000000   Number         0  stm32f10x_usart.o ABSOLUTE
    ..\STM32F10x_FWLib\src\stm32f10x_wwdg.c  0x00000000   Number         0  stm32f10x_wwdg.o ABSOLUTE
    ..\SYSTEM\delay\delay.c                  0x00000000   Number         0  delay.o ABSOLUTE
    ..\SYSTEM\sys\sys.c                      0x00000000   Number         0  sys.o ABSOLUTE
    ..\SYSTEM\usart\usart.c                  0x00000000   Number         0  usart.o ABSOLUTE
    ..\\CORE\\core_cm3.c                     0x00000000   Number         0  core_cm3.o ABSOLUTE
    dc.s                                     0x00000000   Number         0  dc.o ABSOLUTE
    main.c                                   0x00000000   Number         0  main.o ABSOLUTE
    stm32f10x_it.c                           0x00000000   Number         0  stm32f10x_it.o ABSOLUTE
    system_stm32f10x.c                       0x00000000   Number         0  system_stm32f10x.o ABSOLUTE
    RESET                                    0x08000000   Section      236  startup_stm32f10x_md.o(RESET)
    !!!main                                  0x080000ec   Section        8  __main.o(!!!main)
    !!!scatter                               0x080000f4   Section       52  __scatter.o(!!!scatter)
    !!handler_copy                           0x08000128   Section       26  __scatter_copy.o(!!handler_copy)
    !!handler_zi                             0x08000144   Section       28  __scatter_zi.o(!!handler_zi)
    .ARM.Collect$$_printf_percent$$00000000  0x08000160   Section        0  _printf_percent.o(.ARM.Collect$$_printf_percent$$00000000)
    .ARM.Collect$$_printf_percent$$00000003  0x08000160   Section        6  _printf_f.o(.ARM.Collect$$_printf_percent$$00000003)
    .ARM.Collect$$_printf_percent$$00000017  0x08000166   Section        4  _printf_percent_end.o(.ARM.Collect$$_printf_percent$$00000017)
    .ARM.Collect$$libinit$$00000000          0x0800016a   Section        6  libinit.o(.ARM.Collect$$libinit$$00000000)
    .ARM.Collect$$libinit$$00000006          0x08000170   Section        0  libinit2.o(.ARM.Collect$$libinit$$00000006)
    .ARM.Collect$$libinit$$00000008          0x08000170   Section        0  libinit2.o(.ARM.Collect$$libinit$$00000008)
    .ARM.Collect$$libinit$$0000000A          0x08000170   Section        0  libinit2.o(.ARM.Collect$$libinit$$0000000A)
    .ARM.Collect$$libinit$$0000000B          0x08000170   Section        6  libinit2.o(.ARM.Collect$$libinit$$0000000B)
    .ARM.Collect$$libinit$$0000000D          0x08000176   Section        0  libinit2.o(.ARM.Collect$$libinit$$0000000D)
    .ARM.Collect$$libinit$$0000000F          0x08000176   Section        0  libinit2.o(.ARM.Collect$$libinit$$0000000F)
    .ARM.Collect$$libinit$$00000011          0x08000176   Section        0  libinit2.o(.ARM.Collect$$libinit$$00000011)
    .ARM.Collect$$libinit$$00000012          0x08000176   Section       10  libinit2.o(.ARM.Collect$$libinit$$00000012)
    .ARM.Collect$$libinit$$00000013          0x08000180   Section        0  libinit2.o(.ARM.Collect$$libinit$$00000013)
    .ARM.Collect$$libinit$$00000015          0x08000180   Section        0  libinit2.o(.ARM.Collect$$libinit$$00000015)
    .ARM.Collect$$libinit$$00000017          0x08000180   Section        0  libinit2.o(.ARM.Collect$$libinit$$00000017)
    .ARM.Collect$$libinit$$00000019          0x08000180   Section        0  libinit2.o(.ARM.Collect$$libinit$$00000019)
    .ARM.Collect$$libinit$$0000001B          0x08000180   Section        0  libinit2.o(.ARM.Collect$$libinit$$0000001B)
    .ARM.Collect$$libinit$$0000001D          0x08000180   Section        0  libinit2.o(.ARM.Collect$$libinit$$0000001D)
    .ARM.Collect$$libinit$$0000001F          0x08000180   Section        0  libinit2.o(.ARM.Collect$$libinit$$0000001F)
    .ARM.Collect$$libinit$$00000021          0x08000180   Section        0  libinit2.o(.ARM.Collect$$libinit$$00000021)
    .ARM.Collect$$libinit$$00000028          0x08000180   Section        0  libinit2.o(.ARM.Collect$$libinit$$00000028)
    .ARM.Collect$$libinit$$0000002A          0x08000180   Section        0  libinit2.o(.ARM.Collect$$libinit$$0000002A)
    .ARM.Collect$$libinit$$0000002C          0x08000180   Section        0  libinit2.o(.ARM.Collect$$libinit$$0000002C)
    .ARM.Collect$$libinit$$0000002E          0x08000180   Section        0  libinit2.o(.ARM.Collect$$libinit$$0000002E)
    .ARM.Collect$$libinit$$0000002F          0x08000180   Section        2  libinit2.o(.ARM.Collect$$libinit$$0000002F)
    .ARM.Collect$$libshutdown$$00000000      0x08000182   Section        2  libshutdown.o(.ARM.Collect$$libshutdown$$00000000)
    .ARM.Collect$$libshutdown$$00000003      0x08000184   Section        0  libshutdown2.o(.ARM.Collect$$libshutdown$$00000003)
    .ARM.Collect$$libshutdown$$00000006      0x08000184   Section        0  libshutdown2.o(.ARM.Collect$$libshutdown$$00000006)
    .ARM.Collect$$libshutdown$$00000009      0x08000184   Section        0  libshutdown2.o(.ARM.Collect$$libshutdown$$00000009)
    .ARM.Collect$$libshutdown$$0000000B      0x08000184   Section        0  libshutdown2.o(.ARM.Collect$$libshutdown$$0000000B)
    .ARM.Collect$$libshutdown$$0000000E      0x08000184   Section        0  libshutdown2.o(.ARM.Collect$$libshutdown$$0000000E)
    .ARM.Collect$$libshutdown$$0000000F      0x08000184   Section        2  libshutdown2.o(.ARM.Collect$$libshutdown$$0000000F)
    .ARM.Collect$$rtentry$$00000000          0x08000186   Section        0  rtentry.o(.ARM.Collect$$rtentry$$00000000)
    .ARM.Collect$$rtentry$$00000002          0x08000186   Section        0  rtentry2.o(.ARM.Collect$$rtentry$$00000002)
    .ARM.Collect$$rtentry$$00000004          0x08000186   Section        6  rtentry4.o(.ARM.Collect$$rtentry$$00000004)
    .ARM.Collect$$rtentry$$00000009          0x0800018c   Section        0  rtentry2.o(.ARM.Collect$$rtentry$$00000009)
    .ARM.Collect$$rtentry$$0000000A          0x0800018c   Section        4  rtentry2.o(.ARM.Collect$$rtentry$$0000000A)
    .ARM.Collect$$rtentry$$0000000C          0x08000190   Section        0  rtentry2.o(.ARM.Collect$$rtentry$$0000000C)
    .ARM.Collect$$rtentry$$0000000D          0x08000190   Section        8  rtentry2.o(.ARM.Collect$$rtentry$$0000000D)
    .ARM.Collect$$rtexit$$00000000           0x08000198   Section        2  rtexit.o(.ARM.Collect$$rtexit$$00000000)
    .ARM.Collect$$rtexit$$00000002           0x0800019a   Section        0  rtexit2.o(.ARM.Collect$$rtexit$$00000002)
    .ARM.Collect$$rtexit$$00000003           0x0800019a   Section        4  rtexit2.o(.ARM.Collect$$rtexit$$00000003)
    .ARM.Collect$$rtexit$$00000004           0x0800019e   Section        6  rtexit2.o(.ARM.Collect$$rtexit$$00000004)
    .text                                    0x080001a4   Section        0  main.o(.text)
    .text                                    0x08000440   Section        0  stm32f10x_it.o(.text)
    .text                                    0x0800045c   Section        0  system_stm32f10x.o(.text)
    SetSysClockTo72                          0x0800045d   Thumb Code   210  system_stm32f10x.o(.text)
    SetSysClock                              0x0800052f   Thumb Code     8  system_stm32f10x.o(.text)
    .text                                    0x08000654   Section        0  led.o(.text)
    .text                                    0x080006c4   Section        0  key.o(.text)
    .text                                    0x080007b0   Section        0  wdg.o(.text)
    .text                                    0x08000864   Section        0  timer.o(.text)
    .text                                    0x08000908   Section        0  wkup.o(.text)
    .text                                    0x08000a34   Section        0  adc.o(.text)
    .text                                    0x08000b04   Section        0  myiic.o(.text)
    .text                                    0x08000dc8   Section        0  ds18b20.o(.text)
    .text                                    0x080010ac   Section        0  lmp91000.o(.text)
    .text                                    0x080011a0   Section        0  spi.o(.text)
    .text                                    0x080012a8   Section        0  lmp91200.o(.text)
    .text                                    0x080012e0   Section        0  delay.o(.text)
    .text                                    0x08001394   Section        0  sys.o(.text)
    .text                                    0x080013a0   Section        0  usart.o(.text)
    .text                                    0x080014f8   Section       64  startup_stm32f10x_md.o(.text)
    .text                                    0x08001538   Section        0  misc.o(.text)
    .text                                    0x08001650   Section        0  stm32f10x_adc.o(.text)
    .text                                    0x08001c04   Section        0  stm32f10x_exti.o(.text)
    .text                                    0x08001d80   Section        0  stm32f10x_gpio.o(.text)
    .text                                    0x08002198   Section        0  stm32f10x_iwdg.o(.text)
    .text                                    0x080021e4   Section        0  stm32f10x_pwr.o(.text)
    .text                                    0x080022e4   Section        0  stm32f10x_rcc.o(.text)
    .text                                    0x08002788   Section        0  stm32f10x_spi.o(.text)
    .text                                    0x08002b6c   Section        0  stm32f10x_tim.o(.text)
    TI4_Config                               0x0800310f   Thumb Code   160  stm32f10x_tim.o(.text)
    TI3_Config                               0x080031c5   Thumb Code   154  stm32f10x_tim.o(.text)
    TI2_Config                               0x08003279   Thumb Code   160  stm32f10x_tim.o(.text)
    TI1_Config                               0x0800332f   Thumb Code   142  stm32f10x_tim.o(.text)
    .text                                    0x08003d74   Section        0  stm32f10x_usart.o(.text)
    .text                                    0x08004270   Section        0  stm32f10x_wwdg.o(.text)
    .text                                    0x0800430c   Section        2  use_no_semi_2.o(.text)
    .text                                    0x08004310   Section        0  noretval__2printf.o(.text)
    .text                                    0x08004328   Section        0  __printf.o(.text)
    .text                                    0x08004392   Section        0  heapauxi.o(.text)
    .text                                    0x08004398   Section        2  use_no_semi.o(.text)
    .text                                    0x0800439a   Section        0  _printf_fp_dec.o(.text)
    _fp_digits                               0x0800439d   Thumb Code   418  _printf_fp_dec.o(.text)
    .text                                    0x080047c4   Section        0  _printf_char_file.o(.text)
    .text                                    0x080047e8   Section        8  rt_locale_intlibspace.o(.text)
    .text                                    0x080047f0   Section      138  lludiv10.o(.text)
    .text                                    0x0800487c   Section        0  _printf_char_common.o(.text)
    _printf_input_char                       0x0800487d   Thumb Code    10  _printf_char_common.o(.text)
    .text                                    0x080048ac   Section        0  _printf_fp_infnan.o(.text)
    .text                                    0x08004928   Section        0  bigflt0.o(.text)
    .text                                    0x08004a0c   Section        0  ferror.o(.text)
    .text                                    0x08004a14   Section        8  libspace.o(.text)
    .text                                    0x08004a1c   Section       74  sys_stackheap_outer.o(.text)
    .text                                    0x08004a66   Section        0  exit.o(.text)
    .text                                    0x08004a74   Section      128  strcmpv7m.o(.text)
    .text                                    0x08004af4   Section        8  rt_fp_status_addr_intlibspace.o(.text)
    CL$$btod_d2e                             0x08004afc   Section       62  btod.o(CL$$btod_d2e)
    CL$$btod_d2e_denorm_low                  0x08004b3a   Section       70  btod.o(CL$$btod_d2e_denorm_low)
    CL$$btod_d2e_norm_op1                    0x08004b80   Section       96  btod.o(CL$$btod_d2e_norm_op1)
    CL$$btod_div_common                      0x08004be0   Section      824  btod.o(CL$$btod_div_common)
    CL$$btod_e2e                             0x08004f18   Section      198  btod.o(CL$$btod_e2e)
    CL$$btod_ediv                            0x08004fde   Section       40  btod.o(CL$$btod_ediv)
    CL$$btod_emul                            0x08005006   Section       40  btod.o(CL$$btod_emul)
    CL$$btod_mult_common                     0x0800502e   Section      580  btod.o(CL$$btod_mult_common)
    i.__ARM_fpclassify                       0x08005272   Section        0  fpclassify.o(i.__ARM_fpclassify)
    locale$$code                             0x0800529c   Section       44  lc_numeric_c.o(locale$$code)
    x$fpl$d2f                                0x080052c8   Section       98  d2f.o(x$fpl$d2f)
    x$fpl$dfix                               0x0800532c   Section       94  dfix.o(x$fpl$dfix)
    x$fpl$dmul                               0x0800538c   Section      340  dmul.o(x$fpl$dmul)
    x$fpl$dnaninf                            0x080054e0   Section      156  dnaninf.o(x$fpl$dnaninf)
    x$fpl$dretinf                            0x0800557c   Section       12  dretinf.o(x$fpl$dretinf)
    x$fpl$f2d                                0x08005588   Section       86  f2d.o(x$fpl$f2d)
    x$fpl$fflt                               0x080055e0   Section       48  fflt_clz.o(x$fpl$fflt)
    x$fpl$ffltu                              0x08005610   Section       38  fflt_clz.o(x$fpl$ffltu)
    x$fpl$fnaninf                            0x08005636   Section      140  fnaninf.o(x$fpl$fnaninf)
    x$fpl$fpinit                             0x080056c2   Section       14  fpinit.o(x$fpl$fpinit)
    x$fpl$fretinf                            0x080056d0   Section       10  fretinf.o(x$fpl$fretinf)
    x$fpl$printf1                            0x080056da   Section        4  printf1.o(x$fpl$printf1)
    x$fpl$usenofp                            0x080056de   Section        0  usenofp.o(x$fpl$usenofp)
    .constdata                               0x080056e0   Section       25  main.o(.constdata)
    .constdata                               0x080056fc   Section      148  bigflt0.o(.constdata)
    tenpwrs_x                                0x080056fc   Data          60  bigflt0.o(.constdata)
    tenpwrs_i                                0x08005738   Data          64  bigflt0.o(.constdata)
    locale$$data                             0x080057b0   Section       28  lc_numeric_c.o(locale$$data)
    __lcnum_c_name                           0x080057b4   Data           2  lc_numeric_c.o(locale$$data)
    __lcnum_c_start                          0x080057bc   Data           0  lc_numeric_c.o(locale$$data)
    __lcnum_c_point                          0x080057c8   Data           0  lc_numeric_c.o(locale$$data)
    __lcnum_c_thousands                      0x080057ca   Data           0  lc_numeric_c.o(locale$$data)
    __lcnum_c_grouping                       0x080057cb   Data           0  lc_numeric_c.o(locale$$data)
    __lcnum_c_end                            0x080057cc   Data           0  lc_numeric_c.o(locale$$data)
    .data                                    0x20000000   Section       20  system_stm32f10x.o(.data)
    .data                                    0x20000014   Section        1  key.o(.data)
    key_up                                   0x20000014   Data           1  key.o(.data)
    .data                                    0x20000016   Section        4  delay.o(.data)
    fac_us                                   0x20000016   Data           1  delay.o(.data)
    fac_ms                                   0x20000018   Data           2  delay.o(.data)
    .data                                    0x2000001c   Section        8  usart.o(.data)
    .data                                    0x20000024   Section       20  stm32f10x_rcc.o(.data)
    APBAHBPrescTable                         0x20000024   Data          16  stm32f10x_rcc.o(.data)
    ADCPrescTable                            0x20000034   Data           4  stm32f10x_rcc.o(.data)
    .bss                                     0x20000038   Section       18  spi.o(.bss)
    .bss                                     0x2000004a   Section       64  usart.o(.bss)
    .bss                                     0x2000008c   Section       96  libspace.o(.bss)
    HEAP                                     0x200000f0   Section      512  startup_stm32f10x_md.o(HEAP)
    Heap_Mem                                 0x200000f0   Data         512  startup_stm32f10x_md.o(HEAP)
    STACK                                    0x200002f0   Section     1024  startup_stm32f10x_md.o(STACK)
    Stack_Mem                                0x200002f0   Data        1024  startup_stm32f10x_md.o(STACK)
    __initial_sp                             0x200006f0   Data           0  startup_stm32f10x_md.o(STACK)

    Global Symbols

    Symbol Name                              Value     Ov Type        Size  Object(Section)

    BuildAttributes$$THM_ISAv4$P$D$K$B$S$PE$A:L22UL41UL21$X:L11$S22US41US21$IEEE1$IW$USESV6$~STKCKD$USESV7$~SHL$OTIME$ROPI$IEEEJ$EBA8$UX$STANDARDLIB$REQ8$PRES8$EABIv2 0x00000000   Number         0  anon$$obj.o ABSOLUTE
    __ARM_use_no_argv                        0x00000000   Number         0  main.o ABSOLUTE
    __ARM_exceptions_init                     - Undefined Weak Reference
    __alloca_initialize                       - Undefined Weak Reference
    __cpp_initialize__aeabi_                  - Undefined Weak Reference
    __cxa_finalize                            - Undefined Weak Reference
    __sigvec_lookup                           - Undefined Weak Reference
    _atexit_init                              - Undefined Weak Reference
    _call_atexit_fns                          - Undefined Weak Reference
    _clock_init                               - Undefined Weak Reference
    _fp_trap_init                             - Undefined Weak Reference
    _fp_trap_shutdown                         - Undefined Weak Reference
    _get_lc_collate                           - Undefined Weak Reference
    _get_lc_ctype                             - Undefined Weak Reference
    _get_lc_monetary                          - Undefined Weak Reference
    _get_lc_time                              - Undefined Weak Reference
    _getenv_init                              - Undefined Weak Reference
    _handle_redirection                       - Undefined Weak Reference
    _init_alloc                               - Undefined Weak Reference
    _init_user_alloc                          - Undefined Weak Reference
    _initio                                   - Undefined Weak Reference
    _mutex_acquire                            - Undefined Weak Reference
    _mutex_release                            - Undefined Weak Reference
    _printf_post_padding                      - Undefined Weak Reference
    _printf_pre_padding                       - Undefined Weak Reference
    _printf_truncate_unsigned                 - Undefined Weak Reference
    _rand_init                                - Undefined Weak Reference
    _signal_finish                            - Undefined Weak Reference
    _signal_init                              - Undefined Weak Reference
    _terminate_alloc                          - Undefined Weak Reference
    _terminate_user_alloc                     - Undefined Weak Reference
    _terminateio                              - Undefined Weak Reference
    __Vectors_Size                           0x000000ec   Number         0  startup_stm32f10x_md.o ABSOLUTE
    __Vectors                                0x08000000   Data           4  startup_stm32f10x_md.o(RESET)
    __Vectors_End                            0x080000ec   Data           0  startup_stm32f10x_md.o(RESET)
    __main                                   0x080000ed   Thumb Code     8  __main.o(!!!main)
    __scatterload                            0x080000f5   Thumb Code     0  __scatter.o(!!!scatter)
    __scatterload_rt2                        0x080000f5   Thumb Code    44  __scatter.o(!!!scatter)
    __scatterload_rt2_thumb_only             0x080000f5   Thumb Code     0  __scatter.o(!!!scatter)
    __scatterload_null                       0x08000103   Thumb Code     0  __scatter.o(!!!scatter)
    __scatterload_copy                       0x08000129   Thumb Code    26  __scatter_copy.o(!!handler_copy)
    __scatterload_zeroinit                   0x08000145   Thumb Code    28  __scatter_zi.o(!!handler_zi)
    _printf_f                                0x08000161   Thumb Code     0  _printf_f.o(.ARM.Collect$$_printf_percent$$00000003)
    _printf_percent                          0x08000161   Thumb Code     0  _printf_percent.o(.ARM.Collect$$_printf_percent$$00000000)
    _printf_percent_end                      0x08000167   Thumb Code     0  _printf_percent_end.o(.ARM.Collect$$_printf_percent$$00000017)
    __rt_lib_init                            0x0800016b   Thumb Code     0  libinit.o(.ARM.Collect$$libinit$$00000000)
    __rt_lib_init_heap_1                     0x08000171   Thumb Code     0  libinit2.o(.ARM.Collect$$libinit$$00000006)
    __rt_lib_init_lc_common                  0x08000171   Thumb Code     0  libinit2.o(.ARM.Collect$$libinit$$0000000B)
    __rt_lib_init_rand_1                     0x08000171   Thumb Code     0  libinit2.o(.ARM.Collect$$libinit$$0000000A)
    __rt_lib_init_user_alloc_1               0x08000171   Thumb Code     0  libinit2.o(.ARM.Collect$$libinit$$00000008)
    __rt_lib_init_lc_collate_1               0x08000177   Thumb Code     0  libinit2.o(.ARM.Collect$$libinit$$0000000D)
    __rt_lib_init_lc_ctype_1                 0x08000177   Thumb Code     0  libinit2.o(.ARM.Collect$$libinit$$0000000F)
    __rt_lib_init_lc_monetary_1              0x08000177   Thumb Code     0  libinit2.o(.ARM.Collect$$libinit$$00000011)
    __rt_lib_init_lc_numeric_2               0x08000177   Thumb Code     0  libinit2.o(.ARM.Collect$$libinit$$00000012)
    __rt_lib_init_alloca_1                   0x08000181   Thumb Code     0  libinit2.o(.ARM.Collect$$libinit$$0000002A)
    __rt_lib_init_argv_1                     0x08000181   Thumb Code     0  libinit2.o(.ARM.Collect$$libinit$$00000028)
    __rt_lib_init_atexit_1                   0x08000181   Thumb Code     0  libinit2.o(.ARM.Collect$$libinit$$00000017)
    __rt_lib_init_clock_1                    0x08000181   Thumb Code     0  libinit2.o(.ARM.Collect$$libinit$$0000001D)
    __rt_lib_init_cpp_1                      0x08000181   Thumb Code     0  libinit2.o(.ARM.Collect$$libinit$$0000002E)
    __rt_lib_init_exceptions_1               0x08000181   Thumb Code     0  libinit2.o(.ARM.Collect$$libinit$$0000002C)
    __rt_lib_init_fp_trap_1                  0x08000181   Thumb Code     0  libinit2.o(.ARM.Collect$$libinit$$0000001B)
    __rt_lib_init_getenv_1                   0x08000181   Thumb Code     0  libinit2.o(.ARM.Collect$$libinit$$0000001F)
    __rt_lib_init_lc_numeric_1               0x08000181   Thumb Code     0  libinit2.o(.ARM.Collect$$libinit$$00000013)
    __rt_lib_init_lc_time_1                  0x08000181   Thumb Code     0  libinit2.o(.ARM.Collect$$libinit$$00000015)
    __rt_lib_init_return                     0x08000181   Thumb Code     0  libinit2.o(.ARM.Collect$$libinit$$0000002F)
    __rt_lib_init_signal_1                   0x08000181   Thumb Code     0  libinit2.o(.ARM.Collect$$libinit$$00000019)
    __rt_lib_init_stdio_1                    0x08000181   Thumb Code     0  libinit2.o(.ARM.Collect$$libinit$$00000021)
    __rt_lib_shutdown                        0x08000183   Thumb Code     0  libshutdown.o(.ARM.Collect$$libshutdown$$00000000)
    __rt_lib_shutdown_fp_trap_1              0x08000185   Thumb Code     0  libshutdown2.o(.ARM.Collect$$libshutdown$$00000006)
    __rt_lib_shutdown_heap_1                 0x08000185   Thumb Code     0  libshutdown2.o(.ARM.Collect$$libshutdown$$0000000E)
    __rt_lib_shutdown_return                 0x08000185   Thumb Code     0  libshutdown2.o(.ARM.Collect$$libshutdown$$0000000F)
    __rt_lib_shutdown_signal_1               0x08000185   Thumb Code     0  libshutdown2.o(.ARM.Collect$$libshutdown$$00000009)
    __rt_lib_shutdown_stdio_1                0x08000185   Thumb Code     0  libshutdown2.o(.ARM.Collect$$libshutdown$$00000003)
    __rt_lib_shutdown_user_alloc_1           0x08000185   Thumb Code     0  libshutdown2.o(.ARM.Collect$$libshutdown$$0000000B)
    __rt_entry                               0x08000187   Thumb Code     0  rtentry.o(.ARM.Collect$$rtentry$$00000000)
    __rt_entry_presh_1                       0x08000187   Thumb Code     0  rtentry2.o(.ARM.Collect$$rtentry$$00000002)
    __rt_entry_sh                            0x08000187   Thumb Code     0  rtentry4.o(.ARM.Collect$$rtentry$$00000004)
    __rt_entry_li                            0x0800018d   Thumb Code     0  rtentry2.o(.ARM.Collect$$rtentry$$0000000A)
    __rt_entry_postsh_1                      0x0800018d   Thumb Code     0  rtentry2.o(.ARM.Collect$$rtentry$$00000009)
    __rt_entry_main                          0x08000191   Thumb Code     0  rtentry2.o(.ARM.Collect$$rtentry$$0000000D)
    __rt_entry_postli_1                      0x08000191   Thumb Code     0  rtentry2.o(.ARM.Collect$$rtentry$$0000000C)
    __rt_exit                                0x08000199   Thumb Code     0  rtexit.o(.ARM.Collect$$rtexit$$00000000)
    __rt_exit_ls                             0x0800019b   Thumb Code     0  rtexit2.o(.ARM.Collect$$rtexit$$00000003)
    __rt_exit_prels_1                        0x0800019b   Thumb Code     0  rtexit2.o(.ARM.Collect$$rtexit$$00000002)
    __rt_exit_exit                           0x0800019f   Thumb Code     0  rtexit2.o(.ARM.Collect$$rtexit$$00000004)
    main                                     0x080001a5   Thumb Code   600  main.o(.text)
    NMI_Handler                              0x08000441   Thumb Code     2  stm32f10x_it.o(.text)
    HardFault_Handler                        0x08000443   Thumb Code     4  stm32f10x_it.o(.text)
    MemManage_Handler                        0x08000447   Thumb Code     4  stm32f10x_it.o(.text)
    BusFault_Handler                         0x0800044b   Thumb Code     4  stm32f10x_it.o(.text)
    UsageFault_Handler                       0x0800044f   Thumb Code     4  stm32f10x_it.o(.text)
    SVC_Handler                              0x08000453   Thumb Code     2  stm32f10x_it.o(.text)
    DebugMon_Handler                         0x08000455   Thumb Code     2  stm32f10x_it.o(.text)
    PendSV_Handler                           0x08000457   Thumb Code     2  stm32f10x_it.o(.text)
    SysTick_Handler                          0x08000459   Thumb Code     2  stm32f10x_it.o(.text)
    SystemInit                               0x08000537   Thumb Code    82  system_stm32f10x.o(.text)
    SystemCoreClockUpdate                    0x08000589   Thumb Code   166  system_stm32f10x.o(.text)
    LED_Init                                 0x08000655   Thumb Code   102  led.o(.text)
    KEY_Init                                 0x080006c5   Thumb Code    60  key.o(.text)
    KEY_Scan                                 0x08000701   Thumb Code   148  key.o(.text)
    IWDG_Init                                0x080007b1   Thumb Code    36  wdg.o(.text)
    IWDG_Feed                                0x080007d5   Thumb Code     8  wdg.o(.text)
    WWDG_NVIC_Init                           0x080007dd   Thumb Code    34  wdg.o(.text)
    WWDG_Init                                0x080007ff   Thumb Code    52  wdg.o(.text)
    WWDG_Set_Counter                         0x08000833   Thumb Code    12  wdg.o(.text)
    WWDG_IRQHandler                          0x0800083f   Thumb Code    34  wdg.o(.text)
    Timerx_Init                              0x08000865   Thumb Code   112  timer.o(.text)
    TIM3_IRQHandler                          0x080008d5   Thumb Code    42  timer.o(.text)
    Sys_Standby                              0x08000909   Thumb Code    30  wkup.o(.text)
    Sys_Enter_Standby                        0x08000927   Thumb Code    18  wkup.o(.text)
    Check_WKUP                               0x08000939   Thumb Code    90  wkup.o(.text)
    EXTI0_IRQHandler                         0x08000993   Thumb Code    22  wkup.o(.text)
    WKUP_Init                                0x080009a9   Thumb Code   124  wkup.o(.text)
    Adc_Init                                 0x08000a35   Thumb Code   150  adc.o(.text)
    Get_Adc                                  0x08000acb   Thumb Code    50  adc.o(.text)
    IIC_Init                                 0x08000b05   Thumb Code    58  myiic.o(.text)
    IIC_Start                                0x08000b3f   Thumb Code    74  myiic.o(.text)
    IIC_Stop                                 0x08000b89   Thumb Code    70  myiic.o(.text)
    IIC_Wait_Ack                             0x08000bcf   Thumb Code    94  myiic.o(.text)
    IIC_Ack                                  0x08000c2d   Thumb Code    78  myiic.o(.text)
    IIC_NAck                                 0x08000c7b   Thumb Code    78  myiic.o(.text)
    IIC_Send_Byte                            0x08000cc9   Thumb Code   112  myiic.o(.text)
    IIC_Read_Byte                            0x08000d39   Thumb Code   124  myiic.o(.text)
    DS18B20_Rst                              0x08000dc9   Thumb Code    66  ds18b20.o(.text)
    DS18B20_Check                            0x08000e0b   Thumb Code   118  ds18b20.o(.text)
    DS18B20_Read_Bit                         0x08000e81   Thumb Code   120  ds18b20.o(.text)
    DS18B20_Read_Byte                        0x08000ef9   Thumb Code    50  ds18b20.o(.text)
    DS18B20_Write_Byte                       0x08000f2b   Thumb Code   136  ds18b20.o(.text)
    DS18B20_Start                            0x08000fb3   Thumb Code    24  ds18b20.o(.text)
    DS18B20_Init                             0x08000fcb   Thumb Code    60  ds18b20.o(.text)
    DS18B20_Get_Temp                         0x08001007   Thumb Code   142  ds18b20.o(.text)
    LMP91000_ReadOneByte                     0x080010ad   Thumb Code    68  lmp91000.o(.text)
    LMP91000_WriteOneByte                    0x080010f1   Thumb Code    52  lmp91000.o(.text)
    LMP91000_Status                          0x08001125   Thumb Code    14  lmp91000.o(.text)
    LMP91000_ENABLE                          0x08001133   Thumb Code    52  lmp91000.o(.text)
    LMP91000_DISABLE                         0x08001167   Thumb Code    52  lmp91000.o(.text)
    SPIx_ReadWriteByte                       0x080011a1   Thumb Code    92  spi.o(.text)
    SPIx_Init                                0x080011fd   Thumb Code   132  spi.o(.text)
    SPIx_SetSpeed                            0x08001281   Thumb Code    26  spi.o(.text)
    LMP91200_Init                            0x080012a9   Thumb Code    52  lmp91200.o(.text)
    delay_init                               0x080012e1   Thumb Code    46  delay.o(.text)
    delay_ms                                 0x0800130f   Thumb Code    62  delay.o(.text)
    delay_us                                 0x0800134d   Thumb Code    62  delay.o(.text)
    NVIC_Configuration                       0x08001395   Thumb Code    12  sys.o(.text)
    _sys_exit                                0x080013a1   Thumb Code     6  usart.o(.text)
    fputc                                    0x080013a7   Thumb Code    20  usart.o(.text)
    uart_init                                0x080013bb   Thumb Code   170  usart.o(.text)
    USART1_IRQHandler                        0x08001465   Thumb Code   128  usart.o(.text)
    Reset_Handler                            0x080014f9   Thumb Code     8  startup_stm32f10x_md.o(.text)
    ADC1_2_IRQHandler                        0x08001513   Thumb Code     0  startup_stm32f10x_md.o(.text)
    CAN1_RX1_IRQHandler                      0x08001513   Thumb Code     0  startup_stm32f10x_md.o(.text)
    CAN1_SCE_IRQHandler                      0x08001513   Thumb Code     0  startup_stm32f10x_md.o(.text)
    DMA1_Channel1_IRQHandler                 0x08001513   Thumb Code     0  startup_stm32f10x_md.o(.text)
    DMA1_Channel2_IRQHandler                 0x08001513   Thumb Code     0  startup_stm32f10x_md.o(.text)
    DMA1_Channel3_IRQHandler                 0x08001513   Thumb Code     0  startup_stm32f10x_md.o(.text)
    DMA1_Channel4_IRQHandler                 0x08001513   Thumb Code     0  startup_stm32f10x_md.o(.text)
    DMA1_Channel5_IRQHandler                 0x08001513   Thumb Code     0  startup_stm32f10x_md.o(.text)
    DMA1_Channel6_IRQHandler                 0x08001513   Thumb Code     0  startup_stm32f10x_md.o(.text)
    DMA1_Channel7_IRQHandler                 0x08001513   Thumb Code     0  startup_stm32f10x_md.o(.text)
    EXTI15_10_IRQHandler                     0x08001513   Thumb Code     0  startup_stm32f10x_md.o(.text)
    EXTI1_IRQHandler                         0x08001513   Thumb Code     0  startup_stm32f10x_md.o(.text)
    EXTI2_IRQHandler                         0x08001513   Thumb Code     0  startup_stm32f10x_md.o(.text)
    EXTI3_IRQHandler                         0x08001513   Thumb Code     0  startup_stm32f10x_md.o(.text)
    EXTI4_IRQHandler                         0x08001513   Thumb Code     0  startup_stm32f10x_md.o(.text)
    EXTI9_5_IRQHandler                       0x08001513   Thumb Code     0  startup_stm32f10x_md.o(.text)
    FLASH_IRQHandler                         0x08001513   Thumb Code     0  startup_stm32f10x_md.o(.text)
    I2C1_ER_IRQHandler                       0x08001513   Thumb Code     0  startup_stm32f10x_md.o(.text)
    I2C1_EV_IRQHandler                       0x08001513   Thumb Code     0  startup_stm32f10x_md.o(.text)
    I2C2_ER_IRQHandler                       0x08001513   Thumb Code     0  startup_stm32f10x_md.o(.text)
    I2C2_EV_IRQHandler                       0x08001513   Thumb Code     0  startup_stm32f10x_md.o(.text)
    PVD_IRQHandler                           0x08001513   Thumb Code     0  startup_stm32f10x_md.o(.text)
    RCC_IRQHandler                           0x08001513   Thumb Code     0  startup_stm32f10x_md.o(.text)
    RTCAlarm_IRQHandler                      0x08001513   Thumb Code     0  startup_stm32f10x_md.o(.text)
    RTC_IRQHandler                           0x08001513   Thumb Code     0  startup_stm32f10x_md.o(.text)
    SPI1_IRQHandler                          0x08001513   Thumb Code     0  startup_stm32f10x_md.o(.text)
    SPI2_IRQHandler                          0x08001513   Thumb Code     0  startup_stm32f10x_md.o(.text)
    TAMPER_IRQHandler                        0x08001513   Thumb Code     0  startup_stm32f10x_md.o(.text)
    TIM1_BRK_IRQHandler                      0x08001513   Thumb Code     0  startup_stm32f10x_md.o(.text)
    TIM1_CC_IRQHandler                       0x08001513   Thumb Code     0  startup_stm32f10x_md.o(.text)
    TIM1_TRG_COM_IRQHandler                  0x08001513   Thumb Code     0  startup_stm32f10x_md.o(.text)
    TIM1_UP_IRQHandler                       0x08001513   Thumb Code     0  startup_stm32f10x_md.o(.text)
    TIM2_IRQHandler                          0x08001513   Thumb Code     0  startup_stm32f10x_md.o(.text)
    TIM4_IRQHandler                          0x08001513   Thumb Code     0  startup_stm32f10x_md.o(.text)
    USART2_IRQHandler                        0x08001513   Thumb Code     0  startup_stm32f10x_md.o(.text)
    USART3_IRQHandler                        0x08001513   Thumb Code     0  startup_stm32f10x_md.o(.text)
    USBWakeUp_IRQHandler                     0x08001513   Thumb Code     0  startup_stm32f10x_md.o(.text)
    USB_HP_CAN1_TX_IRQHandler                0x08001513   Thumb Code     0  startup_stm32f10x_md.o(.text)
    USB_LP_CAN1_RX0_IRQHandler               0x08001513   Thumb Code     0  startup_stm32f10x_md.o(.text)
    __user_initial_stackheap                 0x08001515   Thumb Code     0  startup_stm32f10x_md.o(.text)
    NVIC_PriorityGroupConfig                 0x08001539   Thumb Code    12  misc.o(.text)
    NVIC_Init                                0x08001545   Thumb Code   146  misc.o(.text)
    NVIC_SetVectorTable                      0x080015d7   Thumb Code    16  misc.o(.text)
    NVIC_SystemLPConfig                      0x080015e7   Thumb Code    38  misc.o(.text)
    SysTick_CLKSourceConfig                  0x0800160d   Thumb Code    40  misc.o(.text)
    ADC_DeInit                               0x08001651   Thumb Code    78  stm32f10x_adc.o(.text)
    ADC_Init                                 0x0800169f   Thumb Code   108  stm32f10x_adc.o(.text)
    ADC_StructInit                           0x0800170b   Thumb Code    22  stm32f10x_adc.o(.text)
    ADC_Cmd                                  0x08001721   Thumb Code    22  stm32f10x_adc.o(.text)
    ADC_DMACmd                               0x08001737   Thumb Code    22  stm32f10x_adc.o(.text)
    ADC_ITConfig                             0x0800174d   Thumb Code    34  stm32f10x_adc.o(.text)
    ADC_ResetCalibration                     0x0800176f   Thumb Code    10  stm32f10x_adc.o(.text)
    ADC_GetResetCalibrationStatus            0x08001779   Thumb Code    32  stm32f10x_adc.o(.text)
    ADC_StartCalibration                     0x08001799   Thumb Code    10  stm32f10x_adc.o(.text)
    ADC_GetCalibrationStatus                 0x080017a3   Thumb Code    32  stm32f10x_adc.o(.text)
    ADC_SoftwareStartConvCmd                 0x080017c3   Thumb Code    22  stm32f10x_adc.o(.text)
    ADC_GetSoftwareStartConvStatus           0x080017d9   Thumb Code    32  stm32f10x_adc.o(.text)
    ADC_DiscModeChannelCountConfig           0x080017f9   Thumb Code    38  stm32f10x_adc.o(.text)
    ADC_DiscModeCmd                          0x0800181f   Thumb Code    22  stm32f10x_adc.o(.text)
    ADC_RegularChannelConfig                 0x08001835   Thumb Code   276  stm32f10x_adc.o(.text)
    ADC_ExternalTrigConvCmd                  0x08001949   Thumb Code    22  stm32f10x_adc.o(.text)
    ADC_GetConversionValue                   0x0800195f   Thumb Code     8  stm32f10x_adc.o(.text)
    ADC_GetDualModeConversionValue           0x08001967   Thumb Code     6  stm32f10x_adc.o(.text)
    ADC_AutoInjectedConvCmd                  0x0800196d   Thumb Code    22  stm32f10x_adc.o(.text)
    ADC_InjectedDiscModeCmd                  0x08001983   Thumb Code    22  stm32f10x_adc.o(.text)
    ADC_ExternalTrigInjectedConvConfig       0x08001999   Thumb Code    28  stm32f10x_adc.o(.text)
    ADC_ExternalTrigInjectedConvCmd          0x080019b5   Thumb Code    22  stm32f10x_adc.o(.text)
    ADC_SoftwareStartInjectedConvCmd         0x080019cb   Thumb Code    22  stm32f10x_adc.o(.text)
    ADC_GetSoftwareStartInjectedConvCmdStatus 0x080019e1   Thumb Code    32  stm32f10x_adc.o(.text)
    ADC_InjectedChannelConfig                0x08001a01   Thumb Code   212  stm32f10x_adc.o(.text)
    ADC_InjectedSequencerLengthConfig        0x08001ad5   Thumb Code    38  stm32f10x_adc.o(.text)
    ADC_SetInjectedOffset                    0x08001afb   Thumb Code    20  stm32f10x_adc.o(.text)
    ADC_GetInjectedConversionValue           0x08001b0f   Thumb Code    24  stm32f10x_adc.o(.text)
    ADC_AnalogWatchdogCmd                    0x08001b27   Thumb Code    30  stm32f10x_adc.o(.text)
    ADC_AnalogWatchdogThresholdsConfig       0x08001b45   Thumb Code     6  stm32f10x_adc.o(.text)
    ADC_AnalogWatchdogSingleChannelConfig    0x08001b4b   Thumb Code    28  stm32f10x_adc.o(.text)
    ADC_TempSensorVrefintCmd                 0x08001b67   Thumb Code    34  stm32f10x_adc.o(.text)
    ADC_GetFlagStatus                        0x08001b89   Thumb Code    30  stm32f10x_adc.o(.text)
    ADC_ClearFlag                            0x08001ba7   Thumb Code     8  stm32f10x_adc.o(.text)
    ADC_GetITStatus                          0x08001baf   Thumb Code    54  stm32f10x_adc.o(.text)
    ADC_ClearITPendingBit                    0x08001be5   Thumb Code    20  stm32f10x_adc.o(.text)
    EXTI_DeInit                              0x08001c05   Thumb Code    32  stm32f10x_exti.o(.text)
    EXTI_Init                                0x08001c25   Thumb Code   184  stm32f10x_exti.o(.text)
    EXTI_StructInit                          0x08001cdd   Thumb Code    22  stm32f10x_exti.o(.text)
    EXTI_GenerateSWInterrupt                 0x08001cf3   Thumb Code    16  stm32f10x_exti.o(.text)
    EXTI_GetFlagStatus                       0x08001d03   Thumb Code    32  stm32f10x_exti.o(.text)
    EXTI_ClearFlag                           0x08001d23   Thumb Code     6  stm32f10x_exti.o(.text)
    EXTI_GetITStatus                         0x08001d29   Thumb Code    48  stm32f10x_exti.o(.text)
    EXTI_ClearITPendingBit                   0x08001d59   Thumb Code     6  stm32f10x_exti.o(.text)
    GPIO_DeInit                              0x08001d81   Thumb Code   172  stm32f10x_gpio.o(.text)
    GPIO_AFIODeInit                          0x08001e2d   Thumb Code    20  stm32f10x_gpio.o(.text)
    GPIO_Init                                0x08001e41   Thumb Code   342  stm32f10x_gpio.o(.text)
    GPIO_StructInit                          0x08001f97   Thumb Code    20  stm32f10x_gpio.o(.text)
    GPIO_ReadInputDataBit                    0x08001fab   Thumb Code    30  stm32f10x_gpio.o(.text)
    GPIO_ReadInputData                       0x08001fc9   Thumb Code     8  stm32f10x_gpio.o(.text)
    GPIO_ReadOutputDataBit                   0x08001fd1   Thumb Code    30  stm32f10x_gpio.o(.text)
    GPIO_ReadOutputData                      0x08001fef   Thumb Code     8  stm32f10x_gpio.o(.text)
    GPIO_SetBits                             0x08001ff7   Thumb Code     4  stm32f10x_gpio.o(.text)
    GPIO_ResetBits                           0x08001ffb   Thumb Code     4  stm32f10x_gpio.o(.text)
    GPIO_WriteBit                            0x08001fff   Thumb Code    10  stm32f10x_gpio.o(.text)
    GPIO_Write                               0x08002009   Thumb Code     4  stm32f10x_gpio.o(.text)
    GPIO_PinLockConfig                       0x0800200d   Thumb Code    28  stm32f10x_gpio.o(.text)
    GPIO_EventOutputConfig                   0x08002029   Thumb Code    42  stm32f10x_gpio.o(.text)
    GPIO_EventOutputCmd                      0x08002053   Thumb Code     6  stm32f10x_gpio.o(.text)
    GPIO_PinRemapConfig                      0x08002059   Thumb Code   180  stm32f10x_gpio.o(.text)
    GPIO_EXTILineConfig                      0x0800210d   Thumb Code   128  stm32f10x_gpio.o(.text)
    GPIO_ETH_MediaInterfaceConfig            0x0800218d   Thumb Code     6  stm32f10x_gpio.o(.text)
    IWDG_WriteAccessCmd                      0x08002199   Thumb Code     6  stm32f10x_iwdg.o(.text)
    IWDG_SetPrescaler                        0x0800219f   Thumb Code     6  stm32f10x_iwdg.o(.text)
    IWDG_SetReload                           0x080021a5   Thumb Code     6  stm32f10x_iwdg.o(.text)
    IWDG_ReloadCounter                       0x080021ab   Thumb Code    10  stm32f10x_iwdg.o(.text)
    IWDG_Enable                              0x080021b5   Thumb Code    10  stm32f10x_iwdg.o(.text)
    IWDG_GetFlagStatus                       0x080021bf   Thumb Code    32  stm32f10x_iwdg.o(.text)
    PWR_DeInit                               0x080021e5   Thumb Code    22  stm32f10x_pwr.o(.text)
    PWR_BackupAccessCmd                      0x080021fb   Thumb Code     6  stm32f10x_pwr.o(.text)
    PWR_PVDCmd                               0x08002201   Thumb Code     6  stm32f10x_pwr.o(.text)
    PWR_PVDLevelConfig                       0x08002207   Thumb Code    32  stm32f10x_pwr.o(.text)
    PWR_WakeUpPinCmd                         0x08002227   Thumb Code     6  stm32f10x_pwr.o(.text)
    PWR_EnterSTOPMode                        0x0800222d   Thumb Code    76  stm32f10x_pwr.o(.text)
    PWR_EnterSTANDBYMode                     0x08002279   Thumb Code    46  stm32f10x_pwr.o(.text)
    PWR_GetFlagStatus                        0x080022a7   Thumb Code    32  stm32f10x_pwr.o(.text)
    PWR_ClearFlag                            0x080022c7   Thumb Code    14  stm32f10x_pwr.o(.text)
    RCC_DeInit                               0x080022e5   Thumb Code    68  stm32f10x_rcc.o(.text)
    RCC_HSEConfig                            0x08002329   Thumb Code    70  stm32f10x_rcc.o(.text)
    RCC_GetFlagStatus                        0x0800236f   Thumb Code    84  stm32f10x_rcc.o(.text)
    RCC_WaitForHSEStartUp                    0x080023c3   Thumb Code    64  stm32f10x_rcc.o(.text)
    RCC_AdjustHSICalibrationValue            0x08002403   Thumb Code    32  stm32f10x_rcc.o(.text)
    RCC_HSICmd                               0x08002423   Thumb Code     6  stm32f10x_rcc.o(.text)
    RCC_PLLConfig                            0x08002429   Thumb Code    36  stm32f10x_rcc.o(.text)
    RCC_PLLCmd                               0x0800244d   Thumb Code     6  stm32f10x_rcc.o(.text)
    RCC_SYSCLKConfig                         0x08002453   Thumb Code    32  stm32f10x_rcc.o(.text)
    RCC_GetSYSCLKSource                      0x08002473   Thumb Code    10  stm32f10x_rcc.o(.text)
    RCC_HCLKConfig                           0x0800247d   Thumb Code    32  stm32f10x_rcc.o(.text)
    RCC_PCLK1Config                          0x0800249d   Thumb Code    32  stm32f10x_rcc.o(.text)
    RCC_PCLK2Config                          0x080024bd   Thumb Code    32  stm32f10x_rcc.o(.text)
    RCC_ITConfig                             0x080024dd   Thumb Code    36  stm32f10x_rcc.o(.text)
    RCC_USBCLKConfig                         0x08002501   Thumb Code     6  stm32f10x_rcc.o(.text)
    RCC_ADCCLKConfig                         0x08002507   Thumb Code    32  stm32f10x_rcc.o(.text)
    RCC_LSEConfig                            0x08002527   Thumb Code    50  stm32f10x_rcc.o(.text)
    RCC_LSICmd                               0x08002559   Thumb Code     6  stm32f10x_rcc.o(.text)
    RCC_RTCCLKConfig                         0x0800255f   Thumb Code    14  stm32f10x_rcc.o(.text)
    RCC_RTCCLKCmd                            0x0800256d   Thumb Code     6  stm32f10x_rcc.o(.text)
    RCC_GetClocksFreq                        0x08002573   Thumb Code   250  stm32f10x_rcc.o(.text)
    RCC_AHBPeriphClockCmd                    0x0800266d   Thumb Code    30  stm32f10x_rcc.o(.text)
    RCC_APB2PeriphClockCmd                   0x0800268b   Thumb Code    30  stm32f10x_rcc.o(.text)
    RCC_APB1PeriphClockCmd                   0x080026a9   Thumb Code    80  stm32f10x_rcc.o(.text)
    RCC_APB2PeriphResetCmd                   0x080026f9   Thumb Code    30  stm32f10x_rcc.o(.text)
    RCC_APB1PeriphResetCmd                   0x08002717   Thumb Code    30  stm32f10x_rcc.o(.text)
    RCC_BackupResetCmd                       0x08002735   Thumb Code     6  stm32f10x_rcc.o(.text)
    RCC_ClockSecuritySystemCmd               0x0800273b   Thumb Code     6  stm32f10x_rcc.o(.text)
    RCC_MCOConfig                            0x08002741   Thumb Code     6  stm32f10x_rcc.o(.text)
    RCC_ClearFlag                            0x08002747   Thumb Code    14  stm32f10x_rcc.o(.text)
    RCC_GetITStatus                          0x08002755   Thumb Code    32  stm32f10x_rcc.o(.text)
    RCC_ClearITPendingBit                    0x08002775   Thumb Code     6  stm32f10x_rcc.o(.text)
    SPI_I2S_DeInit                           0x08002789   Thumb Code    76  stm32f10x_spi.o(.text)
    SPI_Init                                 0x080027d5   Thumb Code    88  stm32f10x_spi.o(.text)
    I2S_Init                                 0x0800282d   Thumb Code   288  stm32f10x_spi.o(.text)
    SPI_StructInit                           0x0800294d   Thumb Code    28  stm32f10x_spi.o(.text)
    I2S_StructInit                           0x08002969   Thumb Code    26  stm32f10x_spi.o(.text)
    SPI_Cmd                                  0x08002983   Thumb Code    26  stm32f10x_spi.o(.text)
    I2S_Cmd                                  0x0800299d   Thumb Code    26  stm32f10x_spi.o(.text)
    SPI_I2S_ITConfig                         0x080029b7   Thumb Code    56  stm32f10x_spi.o(.text)
    SPI_I2S_DMACmd                           0x080029ef   Thumb Code    30  stm32f10x_spi.o(.text)
    SPI_I2S_SendData                         0x08002a0d   Thumb Code     4  stm32f10x_spi.o(.text)
    SPI_I2S_ReceiveData                      0x08002a11   Thumb Code     6  stm32f10x_spi.o(.text)
    SPI_NSSInternalSoftwareConfig            0x08002a17   Thumb Code    32  stm32f10x_spi.o(.text)
    SPI_SSOutputCmd                          0x08002a37   Thumb Code    26  stm32f10x_spi.o(.text)
    SPI_DataSizeConfig                       0x08002a51   Thumb Code    22  stm32f10x_spi.o(.text)
    SPI_TransmitCRC                          0x08002a67   Thumb Code    10  stm32f10x_spi.o(.text)
    SPI_CalculateCRC                         0x08002a71   Thumb Code    26  stm32f10x_spi.o(.text)
    SPI_GetCRC                               0x08002a8b   Thumb Code    24  stm32f10x_spi.o(.text)
    SPI_GetCRCPolynomial                     0x08002aa3   Thumb Code     6  stm32f10x_spi.o(.text)
    SPI_BiDirectionalLineConfig              0x08002aa9   Thumb Code    30  stm32f10x_spi.o(.text)
    SPI_I2S_GetFlagStatus                    0x08002ac7   Thumb Code    30  stm32f10x_spi.o(.text)
    SPI_I2S_ClearFlag                        0x08002ae5   Thumb Code     8  stm32f10x_spi.o(.text)
    SPI_I2S_GetITStatus                      0x08002aed   Thumb Code    82  stm32f10x_spi.o(.text)
    SPI_I2S_ClearITPendingBit                0x08002b3f   Thumb Code    32  stm32f10x_spi.o(.text)
    TIM_DeInit                               0x08002b6d   Thumb Code   424  stm32f10x_tim.o(.text)
    TIM_TimeBaseInit                         0x08002d15   Thumb Code   146  stm32f10x_tim.o(.text)
    TIM_OC1Init                              0x08002da7   Thumb Code   204  stm32f10x_tim.o(.text)
    TIM_OC2Init                              0x08002e73   Thumb Code   214  stm32f10x_tim.o(.text)
    TIM_OC3Init                              0x08002f49   Thumb Code   278  stm32f10x_tim.o(.text)
    TIM_OC4Init                              0x0800305f   Thumb Code   150  stm32f10x_tim.o(.text)
    TIM_SetIC4Prescaler                      0x080030f5   Thumb Code    26  stm32f10x_tim.o(.text)
    TIM_SetIC3Prescaler                      0x080031af   Thumb Code    22  stm32f10x_tim.o(.text)
    TIM_SetIC2Prescaler                      0x0800325f   Thumb Code    26  stm32f10x_tim.o(.text)
    TIM_SetIC1Prescaler                      0x08003319   Thumb Code    22  stm32f10x_tim.o(.text)
    TIM_ICInit                               0x080033bd   Thumb Code   202  stm32f10x_tim.o(.text)
    TIM_PWMIConfig                           0x08003487   Thumb Code   172  stm32f10x_tim.o(.text)
    TIM_BDTRConfig                           0x08003533   Thumb Code    44  stm32f10x_tim.o(.text)
    TIM_TimeBaseStructInit                   0x0800355f   Thumb Code    20  stm32f10x_tim.o(.text)
    TIM_OCStructInit                         0x08003573   Thumb Code    22  stm32f10x_tim.o(.text)
    TIM_ICStructInit                         0x08003589   Thumb Code    24  stm32f10x_tim.o(.text)
    TIM_BDTRStructInit                       0x080035a1   Thumb Code    20  stm32f10x_tim.o(.text)
    TIM_Cmd                                  0x080035b5   Thumb Code    26  stm32f10x_tim.o(.text)
    TIM_CtrlPWMOutputs                       0x080035cf   Thumb Code    30  stm32f10x_tim.o(.text)
    TIM_ITConfig                             0x080035ed   Thumb Code    30  stm32f10x_tim.o(.text)
    TIM_GenerateEvent                        0x0800360b   Thumb Code     4  stm32f10x_tim.o(.text)
    TIM_DMAConfig                            0x0800360f   Thumb Code    10  stm32f10x_tim.o(.text)
    TIM_DMACmd                               0x08003619   Thumb Code    30  stm32f10x_tim.o(.text)
    TIM_InternalClockConfig                  0x08003637   Thumb Code    14  stm32f10x_tim.o(.text)
    TIM_SelectInputTrigger                   0x08003645   Thumb Code    32  stm32f10x_tim.o(.text)
    TIM_ITRxExternalClockConfig              0x08003665   Thumb Code    24  stm32f10x_tim.o(.text)
    TIM_TIxExternalClockConfig               0x0800367d   Thumb Code    62  stm32f10x_tim.o(.text)
    TIM_ETRConfig                            0x080036bb   Thumb Code    40  stm32f10x_tim.o(.text)
    TIM_ETRClockMode1Config                  0x080036e3   Thumb Code    72  stm32f10x_tim.o(.text)
    TIM_ETRClockMode2Config                  0x0800372b   Thumb Code    32  stm32f10x_tim.o(.text)
    TIM_PrescalerConfig                      0x0800374b   Thumb Code     6  stm32f10x_tim.o(.text)
    TIM_CounterModeConfig                    0x08003751   Thumb Code    32  stm32f10x_tim.o(.text)
    TIM_EncoderInterfaceConfig               0x08003771   Thumb Code    98  stm32f10x_tim.o(.text)
    TIM_ForcedOC1Config                      0x080037d3   Thumb Code    32  stm32f10x_tim.o(.text)
    TIM_ForcedOC2Config                      0x080037f3   Thumb Code    36  stm32f10x_tim.o(.text)
    TIM_ForcedOC3Config                      0x08003817   Thumb Code    32  stm32f10x_tim.o(.text)
    TIM_ForcedOC4Config                      0x08003837   Thumb Code    36  stm32f10x_tim.o(.text)
    TIM_ARRPreloadConfig                     0x0800385b   Thumb Code    26  stm32f10x_tim.o(.text)
    TIM_SelectCOM                            0x08003875   Thumb Code    26  stm32f10x_tim.o(.text)
    TIM_SelectCCDMA                          0x0800388f   Thumb Code    26  stm32f10x_tim.o(.text)
    TIM_CCPreloadControl                     0x080038a9   Thumb Code    26  stm32f10x_tim.o(.text)
    TIM_OC1PreloadConfig                     0x080038c3   Thumb Code    32  stm32f10x_tim.o(.text)
    TIM_OC2PreloadConfig                     0x080038e3   Thumb Code    36  stm32f10x_tim.o(.text)
    TIM_OC3PreloadConfig                     0x08003907   Thumb Code    32  stm32f10x_tim.o(.text)
    TIM_OC4PreloadConfig                     0x08003927   Thumb Code    36  stm32f10x_tim.o(.text)
    TIM_OC1FastConfig                        0x0800394b   Thumb Code    32  stm32f10x_tim.o(.text)
    TIM_OC2FastConfig                        0x0800396b   Thumb Code    36  stm32f10x_tim.o(.text)
    TIM_OC3FastConfig                        0x0800398f   Thumb Code    32  stm32f10x_tim.o(.text)
    TIM_OC4FastConfig                        0x080039af   Thumb Code    36  stm32f10x_tim.o(.text)
    TIM_ClearOC1Ref                          0x080039d3   Thumb Code    32  stm32f10x_tim.o(.text)
    TIM_ClearOC2Ref                          0x080039f3   Thumb Code    32  stm32f10x_tim.o(.text)
    TIM_ClearOC3Ref                          0x08003a13   Thumb Code    32  stm32f10x_tim.o(.text)
    TIM_ClearOC4Ref                          0x08003a33   Thumb Code    32  stm32f10x_tim.o(.text)
    TIM_OC1PolarityConfig                    0x08003a53   Thumb Code    32  stm32f10x_tim.o(.text)
    TIM_OC1NPolarityConfig                   0x08003a73   Thumb Code    32  stm32f10x_tim.o(.text)
    TIM_OC2PolarityConfig                    0x08003a93   Thumb Code    36  stm32f10x_tim.o(.text)
    TIM_OC2NPolarityConfig                   0x08003ab7   Thumb Code    36  stm32f10x_tim.o(.text)
    TIM_OC3PolarityConfig                    0x08003adb   Thumb Code    36  stm32f10x_tim.o(.text)
    TIM_OC3NPolarityConfig                   0x08003aff   Thumb Code    36  stm32f10x_tim.o(.text)
    TIM_OC4PolarityConfig                    0x08003b23   Thumb Code    36  stm32f10x_tim.o(.text)
    TIM_CCxCmd                               0x08003b47   Thumb Code    50  stm32f10x_tim.o(.text)
    TIM_CCxNCmd                              0x08003b79   Thumb Code    50  stm32f10x_tim.o(.text)
    TIM_SelectOCxM                           0x08003bab   Thumb Code   110  stm32f10x_tim.o(.text)
    TIM_UpdateDisableConfig                  0x08003c19   Thumb Code    26  stm32f10x_tim.o(.text)
    TIM_UpdateRequestConfig                  0x08003c33   Thumb Code    26  stm32f10x_tim.o(.text)
    TIM_SelectHallSensor                     0x08003c4d   Thumb Code    26  stm32f10x_tim.o(.text)
    TIM_SelectOnePulseMode                   0x08003c67   Thumb Code    22  stm32f10x_tim.o(.text)
    TIM_SelectOutputTrigger                  0x08003c7d   Thumb Code    22  stm32f10x_tim.o(.text)
    TIM_SelectSlaveMode                      0x08003c93   Thumb Code    22  stm32f10x_tim.o(.text)
    TIM_SelectMasterSlaveMode                0x08003ca9   Thumb Code    22  stm32f10x_tim.o(.text)
    TIM_SetCounter                           0x08003cbf   Thumb Code     4  stm32f10x_tim.o(.text)
    TIM_SetAutoreload                        0x08003cc3   Thumb Code     4  stm32f10x_tim.o(.text)
    TIM_SetCompare1                          0x08003cc7   Thumb Code     4  stm32f10x_tim.o(.text)
    TIM_SetCompare2                          0x08003ccb   Thumb Code     4  stm32f10x_tim.o(.text)
    TIM_SetCompare3                          0x08003ccf   Thumb Code     4  stm32f10x_tim.o(.text)
    TIM_SetCompare4                          0x08003cd3   Thumb Code     6  stm32f10x_tim.o(.text)
    TIM_SetClockDivision                     0x08003cd9   Thumb Code    22  stm32f10x_tim.o(.text)
    TIM_GetCapture1                          0x08003cef   Thumb Code     6  stm32f10x_tim.o(.text)
    TIM_GetCapture2                          0x08003cf5   Thumb Code     6  stm32f10x_tim.o(.text)
    TIM_GetCapture3                          0x08003cfb   Thumb Code     6  stm32f10x_tim.o(.text)
    TIM_GetCapture4                          0x08003d01   Thumb Code     8  stm32f10x_tim.o(.text)
    TIM_GetCounter                           0x08003d09   Thumb Code     6  stm32f10x_tim.o(.text)
    TIM_GetPrescaler                         0x08003d0f   Thumb Code     6  stm32f10x_tim.o(.text)
    TIM_GetFlagStatus                        0x08003d15   Thumb Code    30  stm32f10x_tim.o(.text)
    TIM_ClearFlag                            0x08003d33   Thumb Code     8  stm32f10x_tim.o(.text)
    TIM_GetITStatus                          0x08003d3b   Thumb Code    50  stm32f10x_tim.o(.text)
    TIM_ClearITPendingBit                    0x08003d6d   Thumb Code     8  stm32f10x_tim.o(.text)
    USART_DeInit                             0x08003d75   Thumb Code   134  stm32f10x_usart.o(.text)
    USART_Init                               0x08003dfb   Thumb Code   278  stm32f10x_usart.o(.text)
    USART_StructInit                         0x08003f11   Thumb Code    30  stm32f10x_usart.o(.text)
    USART_ClockInit                          0x08003f2f   Thumb Code    54  stm32f10x_usart.o(.text)
    USART_ClockStructInit                    0x08003f65   Thumb Code    14  stm32f10x_usart.o(.text)
    USART_Cmd                                0x08003f73   Thumb Code    26  stm32f10x_usart.o(.text)
    USART_ITConfig                           0x08003f8d   Thumb Code   102  stm32f10x_usart.o(.text)
    USART_DMACmd                             0x08003ff3   Thumb Code    30  stm32f10x_usart.o(.text)
    USART_SetAddress                         0x08004011   Thumb Code    22  stm32f10x_usart.o(.text)
    USART_WakeUpConfig                       0x08004027   Thumb Code    22  stm32f10x_usart.o(.text)
    USART_ReceiverWakeUpCmd                  0x0800403d   Thumb Code    26  stm32f10x_usart.o(.text)
    USART_LINBreakDetectLengthConfig         0x08004057   Thumb Code    22  stm32f10x_usart.o(.text)
    USART_LINCmd                             0x0800406d   Thumb Code    26  stm32f10x_usart.o(.text)
    USART_SendData                           0x08004087   Thumb Code     8  stm32f10x_usart.o(.text)
    USART_ReceiveData                        0x0800408f   Thumb Code    10  stm32f10x_usart.o(.text)
    USART_SendBreak                          0x08004099   Thumb Code    10  stm32f10x_usart.o(.text)
    USART_SetGuardTime                       0x080040a3   Thumb Code    16  stm32f10x_usart.o(.text)
    USART_SetPrescaler                       0x080040b3   Thumb Code    18  stm32f10x_usart.o(.text)
    USART_SmartCardCmd                       0x080040c5   Thumb Code    26  stm32f10x_usart.o(.text)
    USART_SmartCardNACKCmd                   0x080040df   Thumb Code    26  stm32f10x_usart.o(.text)
    USART_HalfDuplexCmd                      0x080040f9   Thumb Code    26  stm32f10x_usart.o(.text)
    USART_OverSampling8Cmd                   0x08004113   Thumb Code    22  stm32f10x_usart.o(.text)
    USART_OneBitMethodCmd                    0x08004129   Thumb Code    26  stm32f10x_usart.o(.text)
    USART_IrDAConfig                         0x08004143   Thumb Code    42  stm32f10x_usart.o(.text)
    USART_IrDACmd                            0x0800416d   Thumb Code    26  stm32f10x_usart.o(.text)
    USART_GetFlagStatus                      0x08004187   Thumb Code    38  stm32f10x_usart.o(.text)
    USART_ClearFlag                          0x080041ad   Thumb Code    20  stm32f10x_usart.o(.text)
    USART_GetITStatus                        0x080041c1   Thumb Code   128  stm32f10x_usart.o(.text)
    USART_ClearITPendingBit                  0x08004241   Thumb Code    46  stm32f10x_usart.o(.text)
    WWDG_DeInit                              0x08004271   Thumb Code    22  stm32f10x_wwdg.o(.text)
    WWDG_SetPrescaler                        0x08004287   Thumb Code    30  stm32f10x_wwdg.o(.text)
    WWDG_SetWindowValue                      0x080042a5   Thumb Code    34  stm32f10x_wwdg.o(.text)
    WWDG_EnableIT                            0x080042c7   Thumb Code    10  stm32f10x_wwdg.o(.text)
    WWDG_SetCounter                          0x080042d1   Thumb Code    10  stm32f10x_wwdg.o(.text)
    WWDG_Enable                              0x080042db   Thumb Code    10  stm32f10x_wwdg.o(.text)
    WWDG_GetFlagStatus                       0x080042e5   Thumb Code     8  stm32f10x_wwdg.o(.text)
    WWDG_ClearFlag                           0x080042ed   Thumb Code    10  stm32f10x_wwdg.o(.text)
    __use_no_semihosting                     0x0800430d   Thumb Code     2  use_no_semi_2.o(.text)
    __2printf                                0x08004311   Thumb Code    20  noretval__2printf.o(.text)
    __printf                                 0x08004329   Thumb Code   106  __printf.o(.text)
    __use_two_region_memory                  0x08004393   Thumb Code     2  heapauxi.o(.text)
    __rt_heap_escrow$2region                 0x08004395   Thumb Code     2  heapauxi.o(.text)
    __rt_heap_expand$2region                 0x08004397   Thumb Code     2  heapauxi.o(.text)
    __I$use$semihosting                      0x08004399   Thumb Code     0  use_no_semi.o(.text)
    __use_no_semihosting_swi                 0x08004399   Thumb Code     2  use_no_semi.o(.text)
    __lib_sel_fp_printf                      0x0800439b   Thumb Code     2  _printf_fp_dec.o(.text)
    _printf_fp_dec_real                      0x0800453f   Thumb Code   646  _printf_fp_dec.o(.text)
    _printf_char_file                        0x080047c5   Thumb Code    32  _printf_char_file.o(.text)
    __rt_locale                              0x080047e9   Thumb Code     8  rt_locale_intlibspace.o(.text)
    _ll_udiv10                               0x080047f1   Thumb Code   138  lludiv10.o(.text)
    _printf_char_common                      0x08004887   Thumb Code    32  _printf_char_common.o(.text)
    _printf_fp_infnan                        0x080048ad   Thumb Code   108  _printf_fp_infnan.o(.text)
    _btod_etento                             0x08004929   Thumb Code   222  bigflt0.o(.text)
    ferror                                   0x08004a0d   Thumb Code     8  ferror.o(.text)
    __user_libspace                          0x08004a15   Thumb Code     8  libspace.o(.text)
    __user_perproc_libspace                  0x08004a15   Thumb Code     0  libspace.o(.text)
    __user_perthread_libspace                0x08004a15   Thumb Code     0  libspace.o(.text)
    __user_setup_stackheap                   0x08004a1d   Thumb Code    74  sys_stackheap_outer.o(.text)
    exit                                     0x08004a67   Thumb Code    12  exit.o(.text)
    strcmp                                   0x08004a75   Thumb Code   128  strcmpv7m.o(.text)
    __rt_fp_status_addr                      0x08004af5   Thumb Code     8  rt_fp_status_addr_intlibspace.o(.text)
    _btod_d2e                                0x08004afd   Thumb Code    62  btod.o(CL$$btod_d2e)
    _d2e_denorm_low                          0x08004b3b   Thumb Code    70  btod.o(CL$$btod_d2e_denorm_low)
    _d2e_norm_op1                            0x08004b81   Thumb Code    96  btod.o(CL$$btod_d2e_norm_op1)
    __btod_div_common                        0x08004be1   Thumb Code   696  btod.o(CL$$btod_div_common)
    _e2e                                     0x08004f19   Thumb Code   198  btod.o(CL$$btod_e2e)
    _btod_ediv                               0x08004fdf   Thumb Code    40  btod.o(CL$$btod_ediv)
    _btod_emul                               0x08005007   Thumb Code    40  btod.o(CL$$btod_emul)
    __btod_mult_common                       0x0800502f   Thumb Code   580  btod.o(CL$$btod_mult_common)
    __ARM_fpclassify                         0x08005273   Thumb Code    40  fpclassify.o(i.__ARM_fpclassify)
    _get_lc_numeric                          0x0800529d   Thumb Code    44  lc_numeric_c.o(locale$$code)
    __aeabi_d2f                              0x080052c9   Thumb Code     0  d2f.o(x$fpl$d2f)
    _d2f                                     0x080052c9   Thumb Code    98  d2f.o(x$fpl$d2f)
    __aeabi_d2iz                             0x0800532d   Thumb Code     0  dfix.o(x$fpl$dfix)
    _dfix                                    0x0800532d   Thumb Code    94  dfix.o(x$fpl$dfix)
    __aeabi_dmul                             0x0800538d   Thumb Code     0  dmul.o(x$fpl$dmul)
    _dmul                                    0x0800538d   Thumb Code   332  dmul.o(x$fpl$dmul)
    __fpl_dnaninf                            0x080054e1   Thumb Code   156  dnaninf.o(x$fpl$dnaninf)
    __fpl_dretinf                            0x0800557d   Thumb Code    12  dretinf.o(x$fpl$dretinf)
    __aeabi_f2d                              0x08005589   Thumb Code     0  f2d.o(x$fpl$f2d)
    _f2d                                     0x08005589   Thumb Code    86  f2d.o(x$fpl$f2d)
    __aeabi_i2f                              0x080055e1   Thumb Code     0  fflt_clz.o(x$fpl$fflt)
    _fflt                                    0x080055e1   Thumb Code    48  fflt_clz.o(x$fpl$fflt)
    __aeabi_ui2f                             0x08005611   Thumb Code     0  fflt_clz.o(x$fpl$ffltu)
    _ffltu                                   0x08005611   Thumb Code    38  fflt_clz.o(x$fpl$ffltu)
    __fpl_fnaninf                            0x08005637   Thumb Code   140  fnaninf.o(x$fpl$fnaninf)
    _fp_init                                 0x080056c3   Thumb Code    14  fpinit.o(x$fpl$fpinit)
    __fplib_config_pureend_doubles           0x080056cf   Thumb Code     0  fpinit.o(x$fpl$fpinit)
    __fpl_fretinf                            0x080056d1   Thumb Code    10  fretinf.o(x$fpl$fretinf)
    _printf_fp_dec                           0x080056db   Thumb Code     4  printf1.o(x$fpl$printf1)
    __I$use$fp                               0x080056df   Thumb Code     0  usenofp.o(x$fpl$usenofp)
    TEXT_Buffer                              0x080056e0   Data          19  main.o(.constdata)
    Region$$Table$$Base                      0x08005790   Number         0  anon$$obj.o(Region$$Table)
    Region$$Table$$Limit                     0x080057b0   Number         0  anon$$obj.o(Region$$Table)
    SystemCoreClock                          0x20000000   Data           4  system_stm32f10x.o(.data)
    AHBPrescTable                            0x20000004   Data          16  system_stm32f10x.o(.data)
    USART_RX_STA                             0x2000001c   Data           1  usart.o(.data)
    __stdout                                 0x20000020   Data           4  usart.o(.data)
    SPI_InitStructure                        0x20000038   Data          18  spi.o(.bss)
    USART_RX_BUF                             0x2000004a   Data          64  usart.o(.bss)
    __libspace_start                         0x2000008c   Data          96  libspace.o(.bss)
    __temporary_stack_top$libspace           0x200000ec   Data           0  libspace.o(.bss)



==============================================================================

Memory Map of the image

  Image Entry point : 0x080000ed

  Load Region LR_IROM1 (Base: 0x08000000, Size: 0x00005804, Max: 0x00020000, ABSOLUTE)

    Execution Region ER_IROM1 (Base: 0x08000000, Size: 0x000057cc, Max: 0x00020000, ABSOLUTE)

    Base Addr    Size         Type   Attr      Idx    E Section Name        Object

    0x08000000   0x000000ec   Data   RO          486    RESET               startup_stm32f10x_md.o
    0x080000ec   0x00000008   Code   RO          825  * !!!main             c_w.l(__main.o)
    0x080000f4   0x00000034   Code   RO         1070    !!!scatter          c_w.l(__scatter.o)
    0x08000128   0x0000001a   Code   RO         1072    !!handler_copy      c_w.l(__scatter_copy.o)
    0x08000142   0x00000002   PAD
    0x08000144   0x0000001c   Code   RO         1074    !!handler_zi        c_w.l(__scatter_zi.o)
    0x08000160   0x00000000   Code   RO          822    .ARM.Collect$$_printf_percent$$00000000  c_w.l(_printf_percent.o)
    0x08000160   0x00000006   Code   RO          821    .ARM.Collect$$_printf_percent$$00000003  c_w.l(_printf_f.o)
    0x08000166   0x00000004   Code   RO          855    .ARM.Collect$$_printf_percent$$00000017  c_w.l(_printf_percent_end.o)
    0x0800016a   0x00000006   Code   RO          947    .ARM.Collect$$libinit$$00000000  c_w.l(libinit.o)
    0x08000170   0x00000000   Code   RO          950    .ARM.Collect$$libinit$$00000006  c_w.l(libinit2.o)
    0x08000170   0x00000000   Code   RO          952    .ARM.Collect$$libinit$$00000008  c_w.l(libinit2.o)
    0x08000170   0x00000000   Code   RO          954    .ARM.Collect$$libinit$$0000000A  c_w.l(libinit2.o)
    0x08000170   0x00000006   Code   RO          955    .ARM.Collect$$libinit$$0000000B  c_w.l(libinit2.o)
    0x08000176   0x00000000   Code   RO          957    .ARM.Collect$$libinit$$0000000D  c_w.l(libinit2.o)
    0x08000176   0x00000000   Code   RO          959    .ARM.Collect$$libinit$$0000000F  c_w.l(libinit2.o)
    0x08000176   0x00000000   Code   RO          961    .ARM.Collect$$libinit$$00000011  c_w.l(libinit2.o)
    0x08000176   0x0000000a   Code   RO          962    .ARM.Collect$$libinit$$00000012  c_w.l(libinit2.o)
    0x08000180   0x00000000   Code   RO          963    .ARM.Collect$$libinit$$00000013  c_w.l(libinit2.o)
    0x08000180   0x00000000   Code   RO          965    .ARM.Collect$$libinit$$00000015  c_w.l(libinit2.o)
    0x08000180   0x00000000   Code   RO          967    .ARM.Collect$$libinit$$00000017  c_w.l(libinit2.o)
    0x08000180   0x00000000   Code   RO          969    .ARM.Collect$$libinit$$00000019  c_w.l(libinit2.o)
    0x08000180   0x00000000   Code   RO          971    .ARM.Collect$$libinit$$0000001B  c_w.l(libinit2.o)
    0x08000180   0x00000000   Code   RO          973    .ARM.Collect$$libinit$$0000001D  c_w.l(libinit2.o)
    0x08000180   0x00000000   Code   RO          975    .ARM.Collect$$libinit$$0000001F  c_w.l(libinit2.o)
    0x08000180   0x00000000   Code   RO          977    .ARM.Collect$$libinit$$00000021  c_w.l(libinit2.o)
    0x08000180   0x00000000   Code   RO          981    .ARM.Collect$$libinit$$00000028  c_w.l(libinit2.o)
    0x08000180   0x00000000   Code   RO          983    .ARM.Collect$$libinit$$0000002A  c_w.l(libinit2.o)
    0x08000180   0x00000000   Code   RO          985    .ARM.Collect$$libinit$$0000002C  c_w.l(libinit2.o)
    0x08000180   0x00000000   Code   RO          987    .ARM.Collect$$libinit$$0000002E  c_w.l(libinit2.o)
    0x08000180   0x00000002   Code   RO          988    .ARM.Collect$$libinit$$0000002F  c_w.l(libinit2.o)
    0x08000182   0x00000002   Code   RO         1022    .ARM.Collect$$libshutdown$$00000000  c_w.l(libshutdown.o)
    0x08000184   0x00000000   Code   RO         1031    .ARM.Collect$$libshutdown$$00000003  c_w.l(libshutdown2.o)
    0x08000184   0x00000000   Code   RO         1034    .ARM.Collect$$libshutdown$$00000006  c_w.l(libshutdown2.o)
    0x08000184   0x00000000   Code   RO         1037    .ARM.Collect$$libshutdown$$00000009  c_w.l(libshutdown2.o)
    0x08000184   0x00000000   Code   RO         1039    .ARM.Collect$$libshutdown$$0000000B  c_w.l(libshutdown2.o)
    0x08000184   0x00000000   Code   RO         1042    .ARM.Collect$$libshutdown$$0000000E  c_w.l(libshutdown2.o)
    0x08000184   0x00000002   Code   RO         1043    .ARM.Collect$$libshutdown$$0000000F  c_w.l(libshutdown2.o)
    0x08000186   0x00000000   Code   RO          847    .ARM.Collect$$rtentry$$00000000  c_w.l(rtentry.o)
    0x08000186   0x00000000   Code   RO          866    .ARM.Collect$$rtentry$$00000002  c_w.l(rtentry2.o)
    0x08000186   0x00000006   Code   RO          881    .ARM.Collect$$rtentry$$00000004  c_w.l(rtentry4.o)
    0x0800018c   0x00000000   Code   RO          868    .ARM.Collect$$rtentry$$00000009  c_w.l(rtentry2.o)
    0x0800018c   0x00000004   Code   RO          869    .ARM.Collect$$rtentry$$0000000A  c_w.l(rtentry2.o)
    0x08000190   0x00000000   Code   RO          871    .ARM.Collect$$rtentry$$0000000C  c_w.l(rtentry2.o)
    0x08000190   0x00000008   Code   RO          872    .ARM.Collect$$rtentry$$0000000D  c_w.l(rtentry2.o)
    0x08000198   0x00000002   Code   RO          989    .ARM.Collect$$rtexit$$00000000  c_w.l(rtexit.o)
    0x0800019a   0x00000000   Code   RO          996    .ARM.Collect$$rtexit$$00000002  c_w.l(rtexit2.o)
    0x0800019a   0x00000004   Code   RO          997    .ARM.Collect$$rtexit$$00000003  c_w.l(rtexit2.o)
    0x0800019e   0x00000006   Code   RO          998    .ARM.Collect$$rtexit$$00000004  c_w.l(rtexit2.o)
    0x080001a4   0x0000029c   Code   RO            1    .text               main.o
    0x08000440   0x0000001a   Code   RO          149    .text               stm32f10x_it.o
    0x0800045a   0x00000002   PAD
    0x0800045c   0x000001f8   Code   RO          190    .text               system_stm32f10x.o
    0x08000654   0x00000070   Code   RO          208    .text               led.o
    0x080006c4   0x000000ec   Code   RO          220    .text               key.o
    0x080007b0   0x000000b4   Code   RO          233    .text               wdg.o
    0x08000864   0x000000a4   Code   RO          251    .text               timer.o
    0x08000908   0x0000012c   Code   RO          316    .text               wkup.o
    0x08000a34   0x000000d0   Code   RO          331    .text               adc.o
    0x08000b04   0x000002c4   Code   RO          358    .text               myiic.o
    0x08000dc8   0x000002e4   Code   RO          370    .text               ds18b20.o
    0x080010ac   0x000000f4   Code   RO          382    .text               lmp91000.o
    0x080011a0   0x00000108   Code   RO          394    .text               spi.o
    0x080012a8   0x00000038   Code   RO          412    .text               lmp91200.o
    0x080012e0   0x000000b4   Code   RO          424    .text               delay.o
    0x08001394   0x0000000c   Code   RO          438    .text               sys.o
    0x080013a0   0x00000158   Code   RO          450    .text               usart.o
    0x080014f8   0x00000040   Code   RO          487    .text               startup_stm32f10x_md.o
    0x08001538   0x00000118   Code   RO          491    .text               misc.o
    0x08001650   0x000005b4   Code   RO          503    .text               stm32f10x_adc.o
    0x08001c04   0x0000017c   Code   RO          599    .text               stm32f10x_exti.o
    0x08001d80   0x00000418   Code   RO          635    .text               stm32f10x_gpio.o
    0x08002198   0x0000004c   Code   RO          659    .text               stm32f10x_iwdg.o
    0x080021e4   0x00000100   Code   RO          671    .text               stm32f10x_pwr.o
    0x080022e4   0x000004a4   Code   RO          683    .text               stm32f10x_rcc.o
    0x08002788   0x000003e4   Code   RO          721    .text               stm32f10x_spi.o
    0x08002b6c   0x00001208   Code   RO          733    .text               stm32f10x_tim.o
    0x08003d74   0x000004fa   Code   RO          745    .text               stm32f10x_usart.o
    0x0800426e   0x00000002   PAD
    0x08004270   0x0000009c   Code   RO          757    .text               stm32f10x_wwdg.o
    0x0800430c   0x00000002   Code   RO          771    .text               c_w.l(use_no_semi_2.o)
    0x0800430e   0x00000002   PAD
    0x08004310   0x00000018   Code   RO          775    .text               c_w.l(noretval__2printf.o)
    0x08004328   0x0000006a   Code   RO          777    .text               c_w.l(__printf.o)
    0x08004392   0x00000006   Code   RO          823    .text               c_w.l(heapauxi.o)
    0x08004398   0x00000002   Code   RO          845    .text               c_w.l(use_no_semi.o)
    0x0800439a   0x0000042a   Code   RO          851    .text               c_w.l(_printf_fp_dec.o)
    0x080047c4   0x00000024   Code   RO          853    .text               c_w.l(_printf_char_file.o)
    0x080047e8   0x00000008   Code   RO          886    .text               c_w.l(rt_locale_intlibspace.o)
    0x080047f0   0x0000008a   Code   RO          888    .text               c_w.l(lludiv10.o)
    0x0800487a   0x00000002   PAD
    0x0800487c   0x00000030   Code   RO          890    .text               c_w.l(_printf_char_common.o)
    0x080048ac   0x0000007c   Code   RO          892    .text               c_w.l(_printf_fp_infnan.o)
    0x08004928   0x000000e4   Code   RO          894    .text               c_w.l(bigflt0.o)
    0x08004a0c   0x00000008   Code   RO          919    .text               c_w.l(ferror.o)
    0x08004a14   0x00000008   Code   RO          930    .text               c_w.l(libspace.o)
    0x08004a1c   0x0000004a   Code   RO          933    .text               c_w.l(sys_stackheap_outer.o)
    0x08004a66   0x0000000c   Code   RO          937    .text               c_w.l(exit.o)
    0x08004a72   0x00000002   PAD
    0x08004a74   0x00000080   Code   RO          939    .text               c_w.l(strcmpv7m.o)
    0x08004af4   0x00000008   Code   RO         1006    .text               c_w.l(rt_fp_status_addr_intlibspace.o)
    0x08004afc   0x0000003e   Code   RO          897    CL$$btod_d2e        c_w.l(btod.o)
    0x08004b3a   0x00000046   Code   RO          899    CL$$btod_d2e_denorm_low  c_w.l(btod.o)
    0x08004b80   0x00000060   Code   RO          898    CL$$btod_d2e_norm_op1  c_w.l(btod.o)
    0x08004be0   0x00000338   Code   RO          907    CL$$btod_div_common  c_w.l(btod.o)
    0x08004f18   0x000000c6   Code   RO          904    CL$$btod_e2e        c_w.l(btod.o)
    0x08004fde   0x00000028   Code   RO          901    CL$$btod_ediv       c_w.l(btod.o)
    0x08005006   0x00000028   Code   RO          900    CL$$btod_emul       c_w.l(btod.o)
    0x0800502e   0x00000244   Code   RO          906    CL$$btod_mult_common  c_w.l(btod.o)
    0x08005272   0x00000028   Code   RO          928    i.__ARM_fpclassify  m_ws.l(fpclassify.o)
    0x0800529a   0x00000002   PAD
    0x0800529c   0x0000002c   Code   RO          924    locale$$code        c_w.l(lc_numeric_c.o)
    0x080052c8   0x00000062   Code   RO          827    x$fpl$d2f           fz_ws.l(d2f.o)
    0x0800532a   0x00000002   PAD
    0x0800532c   0x0000005e   Code   RO          829    x$fpl$dfix          fz_ws.l(dfix.o)
    0x0800538a   0x00000002   PAD
    0x0800538c   0x00000154   Code   RO          833    x$fpl$dmul          fz_ws.l(dmul.o)
    0x080054e0   0x0000009c   Code   RO          856    x$fpl$dnaninf       fz_ws.l(dnaninf.o)
    0x0800557c   0x0000000c   Code   RO          858    x$fpl$dretinf       fz_ws.l(dretinf.o)
    0x08005588   0x00000056   Code   RO          835    x$fpl$f2d           fz_ws.l(f2d.o)
    0x080055de   0x00000002   PAD
    0x080055e0   0x00000030   Code   RO          838    x$fpl$fflt          fz_ws.l(fflt_clz.o)
    0x08005610   0x00000026   Code   RO          837    x$fpl$ffltu         fz_ws.l(fflt_clz.o)
    0x08005636   0x0000008c   Code   RO          860    x$fpl$fnaninf       fz_ws.l(fnaninf.o)
    0x080056c2   0x0000000e   Code   RO          993    x$fpl$fpinit        fz_ws.l(fpinit.o)
    0x080056d0   0x0000000a   Code   RO          862    x$fpl$fretinf       fz_ws.l(fretinf.o)
    0x080056da   0x00000004   Code   RO          843    x$fpl$printf1       fz_ws.l(printf1.o)
    0x080056de   0x00000000   Code   RO          864    x$fpl$usenofp       fz_ws.l(usenofp.o)
    0x080056de   0x00000002   PAD
    0x080056e0   0x00000019   Data   RO            2    .constdata          main.o
    0x080056f9   0x00000003   PAD
    0x080056fc   0x00000094   Data   RO          895    .constdata          c_w.l(bigflt0.o)
    0x08005790   0x00000020   Data   RO         1068    Region$$Table       anon$$obj.o
    0x080057b0   0x0000001c   Data   RO          923    locale$$data        c_w.l(lc_numeric_c.o)


    Execution Region RW_IRAM1 (Base: 0x20000000, Size: 0x000006f0, Max: 0x00005000, ABSOLUTE)

    Base Addr    Size         Type   Attr      Idx    E Section Name        Object

    0x20000000   0x00000014   Data   RW          191    .data               system_stm32f10x.o
    0x20000014   0x00000001   Data   RW          221    .data               key.o
    0x20000015   0x00000001   PAD
    0x20000016   0x00000004   Data   RW          425    .data               delay.o
    0x2000001a   0x00000002   PAD
    0x2000001c   0x00000008   Data   RW          452    .data               usart.o
    0x20000024   0x00000014   Data   RW          684    .data               stm32f10x_rcc.o
    0x20000038   0x00000012   Zero   RW          395    .bss                spi.o
    0x2000004a   0x00000040   Zero   RW          451    .bss                usart.o
    0x2000008a   0x00000002   PAD
    0x2000008c   0x00000060   Zero   RW          931    .bss                c_w.l(libspace.o)
    0x200000ec   0x00000004   PAD
    0x200000f0   0x00000200   Zero   RW          485    HEAP                startup_stm32f10x_md.o
    0x200002f0   0x00000400   Zero   RW          484    STACK               startup_stm32f10x_md.o


==============================================================================

Image component sizes


      Code (inc. data)   RO Data    RW Data    ZI Data      Debug   Object Name

       208          8          0          0          0        751   adc.o
         0          0          0          0          0         32   core_cm3.o
       180         10          0          4          0        975   delay.o
       740         24          0          0          0       2190   ds18b20.o
       236         28          0          1          0        736   key.o
       112         10          0          0          0        459   led.o
       244          6          0          0          0       1374   lmp91000.o
        56          4          0          0          0        464   lmp91200.o
       668         68         25          0          0     270529   main.o
       280         28          0          0          0       1709   misc.o
       708         20          0          0          0       1836   myiic.o
       264         14          0          0         18       1189   spi.o
        64         26        236          0       1536        744   startup_stm32f10x_md.o
      1460         36          0          0          0      11109   stm32f10x_adc.o
       380         34          0          0          0       2175   stm32f10x_exti.o
      1048         46          0          0          0       5741   stm32f10x_gpio.o
        26          0          0          0          0       1130   stm32f10x_it.o
        76          6          0          0          0       1233   stm32f10x_iwdg.o
       256         16          0          0          0       1927   stm32f10x_pwr.o
      1188         64          0         20          0       8844   stm32f10x_rcc.o
       996         14          0          0          0       6582   stm32f10x_spi.o
      4616         86          0          0          0      23140   stm32f10x_tim.o
      1274         20          0          0          0       8416   stm32f10x_usart.o
       156         22          0          0          0       2176   stm32f10x_wwdg.o
        12          0          0          0          0        401   sys.o
       504         38          0         20          0       1603   system_stm32f10x.o
       164         10          0          0          0        734   timer.o
       344         20          0          8         64       2902   usart.o
       180          4          0          0          0       1348   wdg.o
       300         16          0          0          0       1202   wkup.o

    ----------------------------------------------------------------------
     16744        678        296         56       1620     363651   Object Totals
         0          0         32          0          0          0   (incl. Generated)
         4          0          3          3          2          1   (incl. Padding)

    ----------------------------------------------------------------------

      Code (inc. data)   RO Data    RW Data    ZI Data      Debug   Library Member Name

         8          0          0          0          0         68   __main.o
       106          0          0          0          0         84   __printf.o
        52          8          0          0          0          0   __scatter.o
        26          0          0          0          0          0   __scatter_copy.o
        28          0          0          0          0          0   __scatter_zi.o
        48          6          0          0          0         96   _printf_char_common.o
        36          4          0          0          0         80   _printf_char_file.o
         6          0          0          0          0          0   _printf_f.o
      1066          0          0          0          0        216   _printf_fp_dec.o
       124         16          0          0          0         84   _printf_fp_infnan.o
         0          0          0          0          0          0   _printf_percent.o
         4          0          0          0          0          0   _printf_percent_end.o
       228          6        148          0          0         96   bigflt0.o
      1910        128          0          0          0        672   btod.o
        12          0          0          0          0         68   exit.o
         8          0          0          0          0         68   ferror.o
         6          0          0          0          0        152   heapauxi.o
        44         10         28          0          0         76   lc_numeric_c.o
         6          0          0          0          0          0   libinit.o
        18          0          0          0          0          0   libinit2.o
         2          0          0          0          0          0   libshutdown.o
         2          0          0          0          0          0   libshutdown2.o
         8          4          0          0         96         68   libspace.o
       138          0          0          0          0         80   lludiv10.o
        24          4          0          0          0         84   noretval__2printf.o
         8          4          0          0          0         68   rt_fp_status_addr_intlibspace.o
         8          4          0          0          0         68   rt_locale_intlibspace.o
         0          0          0          0          0          0   rtentry.o
        12          0          0          0          0          0   rtentry2.o
         6          0          0          0          0          0   rtentry4.o
         2          0          0          0          0          0   rtexit.o
        10          0          0          0          0          0   rtexit2.o
       128          0          0          0          0         68   strcmpv7m.o
        74          0          0          0          0         80   sys_stackheap_outer.o
         2          0          0          0          0         68   use_no_semi.o
         2          0          0          0          0         68   use_no_semi_2.o
        98          4          0          0          0         92   d2f.o
        94          4          0          0          0         92   dfix.o
       340         12          0          0          0        104   dmul.o
       156          4          0          0          0         92   dnaninf.o
        12          0          0          0          0         68   dretinf.o
        86          4          0          0          0         84   f2d.o
        86          0          0          0          0        136   fflt_clz.o
       140          4          0          0          0         84   fnaninf.o
        14          0          0          0          0         76   fpinit.o
        10          0          0          0          0         68   fretinf.o
         4          0          0          0          0         68   printf1.o
         0          0          0          0          0          0   usenofp.o
        40          0          0          0          0         68   fpclassify.o

    ----------------------------------------------------------------------
      5260        226        176          0        100       3444   Library Totals
        18          0          0          0          4          0   (incl. Padding)

    ----------------------------------------------------------------------

      Code (inc. data)   RO Data    RW Data    ZI Data      Debug   Library Name

      4162        194        176          0         96       2412   c_w.l
      1040         32          0          0          0        964   fz_ws.l
        40          0          0          0          0         68   m_ws.l

    ----------------------------------------------------------------------
      5260        226        176          0        100       3444   Library Totals

    ----------------------------------------------------------------------

==============================================================================


      Code (inc. data)   RO Data    RW Data    ZI Data      Debug   

     22004        904        472         56       1720     362468   Grand Totals
     22004        904        472         56       1720     362468   ELF Image Totals
     22004        904        472         56          0          0   ROM Totals

==============================================================================

    Total RO  Size (Code + RO Data)                22476 (  21.95kB)
    Total RW  Size (RW Data + ZI Data)              1776 (   1.73kB)
    Total ROM Size (Code + RO Data + RW Data)      22532 (  22.00kB)

==============================================================================

